Running HiGHS 1.15.1 (git hash: 04024d7): Copyright (c) 2026 under MIT licence terms
Includes third-party software components, see THIRD_PARTY_NOTICES.md for full details
Rows:       70009 lower bounds    less than or equal to       -1e+20 are treated as -Infinity
Rows:       33591 upper bounds greater than or equal to        1e+20 are treated as +Infinity
LP has 160052 rows; 81094 cols; 493131 nonzeros
Coefficient ranges:
  Matrix  [1e-06, 2e+04]
  Cost    [1e+00, 1e+00]
  Bound   [6e-09, 1e+06]
  RHS     [0e+00, 0e+00]
WARNING: Problem has some excessively small column bounds
Presolving model
70831 rows, 44431 cols, 239190 nonzeros 0s
18538 rows, 40283 cols, 180748 nonzeros 0s
14661 rows, 34450 cols, 143543 nonzeros 1s
Dependent equations search running on 13562 equations with time limit of 6.00s
Dependent equations search removed 49 rows and 602 nonzeros in 0.00s (limit = 6.00s)
14377 rows, 33979 cols, 141297 nonzeros 1s
Presolve reductions: rows 14377(-145675); columns 33979(-47115); nonzeros 141297(-351834) 
Solving the presolved LP
IPX model has 14377 rows, 33979 columns and 141297 nonzeros
Input
    Number of variables:                                33979
    Number of free variables:                           0
    Number of constraints:                              14377
    Number of equality constraints:                     13501
    Number of matrix entries:                           141297
    Matrix range:                                       [1e-06, 2e+04]
    RHS range:                                          [1e-19, 2e+04]
    Objective range:                                    [0e+00, 0e+00]
    Bounds range:                                       [1e-07, 2e+07]
Preprocessing
    Dualized model:                                     no
    Number of dense columns:                            1
    Range of scaling factors:                           [1.56e-02, 1.60e+01]
    Scaled cost norm:                                   0
    Scaled bounds norm:                                 6.4e+07
IPX version 1.0
Interior point solve
 Iter       primal obj         dual obj       pinf       dinf       gap      time
   0   -1.00000000e+00  -7.70381077e+09   1.62e-03   3.39e+04  2.00e+00       1.4
   1   -1.00000000e+00  -3.22380316e+09   7.76e-04   1.20e+04  2.00e+00       1.5
   2   -1.00000000e+00  -1.67119864e+09   2.93e-04   4.76e+03  2.00e+00       1.7
   3   -1.00000000e+00  -7.90404404e+08   1.31e-04   1.77e+03  2.00e+00       2.0
 Constructing starting basis...
 Iter       primal obj         dual obj       pinf       dinf       gap      time
   4   -1.00000000e+00  -4.13404651e+08   6.79e-05   7.26e+02  2.00e+00       3.0
   5   -1.00000000e+00  -2.68214642e+08   2.78e-05   4.14e+02  2.00e+00       3.4
   6   -1.00000000e+00  -1.93499572e+08   2.13e-05   2.59e+02  2.00e+00       3.8
   7   -1.00000000e+00  -1.62567422e+08   1.39e-05   1.91e+02  2.00e+00       4.1
   8   -1.00000000e+00  -9.82816319e+07   6.25e-06   9.93e+01  2.00e+00       4.5
   9   -1.00000000e+00  -7.53611839e+07   4.88e-06   6.26e+01  2.00e+00       4.9
  10   -1.00000000e+00  -6.96931864e+07   3.74e-06   5.36e+01  2.00e+00       5.3
  11   -1.00000000e+00  -4.56715459e+07   1.81e-06   2.91e+01  2.00e+00       5.6
  12   -1.00000000e+00  -4.02463662e+07   1.27e-06   2.30e+01  2.00e+00       6.0
  13   -1.00000000e+00  -1.96880093e+07   7.03e-07   8.06e+00  2.00e+00       6.3
  14   -1.00000000e+00  -1.96052786e+07   6.31e-07   7.98e+00  2.00e+00       6.7
  15   -1.00000000e+00  -1.45465743e+07   4.17e-07   5.05e+00  2.00e+00       6.9
  16   -1.00000000e+00  -8.68986600e+06   1.65e-07   2.32e+00  2.00e+00       7.2
  17   -1.00000000e+00  -6.66571090e+06   1.10e-07   1.40e+00  2.00e+00       7.5
  18   -1.00000000e+00  -5.78651369e+06   7.74e-08   1.09e+00  2.00e+00       7.8
  19   -1.00000000e+00  -4.04289527e+06   4.15e-08   4.63e-01  2.00e+00       8.1
  20   -1.00000000e+00  -3.58384989e+06   3.18e-08   3.66e-01  2.00e+00       8.3
  21   -1.00000000e+00  -3.05803022e+06   1.31e-08   2.85e-01  2.00e+00       8.6
  22   -1.00000000e+00  -2.03973180e+06   8.60e-09   1.26e-01  2.00e+00       8.8
  23   -1.00000000e+00  -1.14822401e+06   4.54e-09   5.62e-02  2.00e+00       8.9
  24   -1.00000000e+00  -6.64323536e+05   1.72e-09   2.69e-02  2.00e+00       9.1
  25   -1.00000000e+00  -1.81352215e+05   8.35e-10   3.64e-03  2.00e+00       9.3
  26   -1.00000000e+00  -7.21498385e+04   2.54e-10   5.07e-04  2.00e+00       9.4
  27   -1.00000000e+00  -2.49864118e+04   9.00e-11   1.25e-04  2.00e+00       9.6
  28   -1.00000000e+00  -1.14682603e+04   3.33e-11   2.15e-05  2.00e+00       9.7
  29   -1.00000000e+00  -4.52212638e+03   7.19e-12   4.57e-06  2.00e+00       9.8
  30   -1.00000000e+00  -2.00315642e+03   1.92e-12   1.76e-06  2.00e+00       9.9
  31   -1.00000000e+00  -7.13511868e+02   5.58e-13   6.12e-07  1.99e+00      10.0
  32   -1.00000000e+00  -2.10277053e+02   1.99e-13   1.31e-07  1.96e+00      10.1
  33   -1.00000000e+00  -2.61396639e+01   2.39e-14   1.41e-08  1.73e+00      10.2
  34   -1.00000000e+00  -3.35285814e+00   6.98e-16   1.31e-09  7.41e-01      10.3
  35   -1.00000000e+00  -1.39936420e+00   1.46e-17   2.27e-10  1.82e-01      10.4
  36   -1.00000000e+00  -1.05708352e+00   1.43e-17   3.32e-11  2.81e-02      10.5
  37   -1.00000000e+00  -1.01100834e+00   1.09e-17   6.98e-12  5.49e-03      10.6
  38   -1.00000000e+00  -1.00143827e+00   5.82e-17   8.51e-13  7.19e-04      10.7
  39   -1.00000000e+00  -1.00028897e+00   1.16e-16   1.78e-13  1.44e-04      10.8
  40   -1.00000000e+00  -1.00008715e+00   7.28e-18   1.14e-13  4.36e-05      11.0
  41   -1.00000000e+00  -1.00001013e+00   1.16e-16   1.14e-13  5.06e-06      11.2
  42   -1.00000000e+00  -1.00000108e+00   7.73e-18   1.14e-13  5.40e-07      11.5
  43   -1.00000000e+00  -1.00000025e+00   2.18e-17   6.94e-14  1.27e-07      11.6
  44   -1.00000000e+00  -1.00000005e+00   9.74e-18   9.32e-14  2.58e-08      11.7
  45*  -1.00000000e+00  -1.00000000e+00   8.19e-18   1.14e-13  1.86e-09      11.8
Summary
    Runtime:                                            11.85s
    Status interior point solve:                        optimal
    Status crossover:                                   not run
    objective value:                                    -1.00000000e+00
    interior solution primal residual (abs/rel):        5.42e-10 / 3.23e-17
    interior solution dual residual (abs/rel):          1.55e-10 / 1.55e-10
    interior solution objective gap (abs/rel):          2.55e-09 / 1.27e-09
Ipx: IPM       optimal

Performed postsolve
WARNING: Solution optimality conditions
num/max      0 / 5.71e-08 (relative      0 / 1.72e-12) primal infeasibilities     (tolerance = 1e-07)
num/max    351 / 1.57e+03 (relative    351 / 1.57e+03)   dual infeasibilities     (tolerance = 1e-07)
num/max      0 / 1.75e-10 (relative      0 / 5.25e-15) primal residual errors     (tolerance = 1e-07)
num/max    212 / 2.11e+03 (relative    212 / 2.11e+03)   dual residual errors     (tolerance = 1e-07)
                                         1 /    0.665  P-D objective error        (tolerance = 1e-07)
WARNING: LP solver claims optimality, but with
WARNING:    num/max    351 / 1.57e+03 relative   dual infeasibilities (tolerance = 1e-07)
WARNING:    num/max    212 / 2.11e+03 relative   dual residual errors (tolerance = 1e-07)
WARNING:                        0.665 relative P-D objective error    (tolerance = 1e-07)
WARNING: Model status changed from "Optimal" to "Unknown" since relative violation of tolerances is 2.11e+10

Model status        : Unknown
IPM       iterations: 45
Objective value     :  1.0000000000e+00
P-D objective error :  6.6493486569e-01
HiGHS run time      :         11.88
