Running HiGHS 1.15.1 (git hash: 04024d7): Copyright (c) 2026 under MIT licence terms
Includes third-party software components, see THIRD_PARTY_NOTICES.md for full details
LP has 1877 rows; 2712 cols; 10575 nonzeros
Coefficient ranges:
  Matrix  [2e-06, 8e+01]
  Cost    [1e+00, 1e+00]
  Bound   [7e+00, 1e+03]
  RHS     [0e+00, 0e+00]
Presolving model
708 rows, 1381 cols, 6645 nonzeros 0s
506 rows, 1151 cols, 5784 nonzeros 0s
398 rows, 967 cols, 4469 nonzeros 0s
Dependent equations search running on 382 equations with time limit of 6.00s
Dependent equations search removed 1 rows and 36 nonzeros in 0.00s (limit = 6.00s)
381 rows, 949 cols, 4441 nonzeros 0s
Presolve reductions: rows 381(-1496); columns 949(-1763); nonzeros 4441(-6134) 
Solving the presolved LP
IPX model has 381 rows, 949 columns and 4441 nonzeros
Input
    Number of variables:                                949
    Number of free variables:                           0
    Number of constraints:                              381
    Number of equality constraints:                     381
    Number of matrix entries:                           4441
    Matrix range:                                       [2e-06, 8e+01]
    RHS range:                                          [0e+00, 0e+00]
    Objective range:                                    [1e+00, 1e+00]
    Bounds range:                                       [7e+00, 8e+03]
Preprocessing
    Dualized model:                                     no
    Number of dense columns:                            0
    Range of scaling factors:                           [2.50e-01, 2.00e+00]
    Scaled cost norm:                                   0.25
    Scaled bounds norm:                                 8000
IPX version 1.0
Interior point solve
 Iter       primal obj         dual obj       pinf       dinf       gap      time
   0    6.68994332e-02  -1.72750830e+06   2.61e-02   1.78e-16  2.00e+00       0.0
   1    3.09351793e+01  -8.61293774e+05   1.59e-02   7.11e-16  2.00e+00       0.0
   2    1.03312518e+01  -3.68358979e+05   5.91e-03   3.55e-15  2.00e+00       0.0
 Constructing starting basis...
 Iter       primal obj         dual obj       pinf       dinf       gap      time
   3    4.96407822e+00  -1.96412499e+05   2.87e-03   1.71e-14  2.00e+00       0.0
   4    3.64807988e+00  -1.32565724e+05   2.09e-03   2.27e-14  2.00e+00       0.0
   5    3.08021397e+00  -9.82837925e+04   1.77e-03   6.25e-14  2.00e+00       0.0
   6    1.59378491e+00  -3.39720003e+04   9.15e-04   7.96e-14  2.00e+00       0.0
   7    1.00860805e+00  -1.61611777e+04   5.78e-04   7.39e-14  2.00e+00       0.0
   8    8.68427227e-01  -1.35334807e+04   4.99e-04   8.53e-14  2.00e+00       0.0
   9    6.98071483e-01  -1.15729701e+04   4.02e-04   3.41e-14  2.00e+00       0.0
  10    5.39259477e-01  -1.05128760e+04   3.10e-04   1.31e-13  2.00e+00       0.0
  11    3.81330891e-01  -6.39017265e+03   2.21e-04   8.60e-14  2.00e+00       0.0
  12    2.33491666e-01  -5.87622938e+03   1.34e-04   5.68e-14  2.00e+00       0.0
  13    1.03544585e-01  -4.69180191e+03   5.85e-05   4.62e-14  2.00e+00       0.0
  14    3.37370149e-02  -2.31667991e+03   2.06e-05   1.36e-13  2.00e+00       0.0
  15    3.16831826e-03  -2.90474608e+02   2.77e-06   4.55e-14  1.99e+00       0.0
  16   -9.43872966e-04  -1.44851194e+02   3.42e-07   1.25e-13  1.97e+00       0.0
  17   -1.49587138e-03  -1.87521039e+01   2.30e-08   3.13e-14  1.81e+00       0.0
  18   -1.94821845e-03  -5.30449112e+00   1.60e-09   1.42e-14  1.45e+00       0.0
  19   -5.29735740e-03  -2.45530214e+00   2.50e-10   1.99e-14  1.10e+00       0.0
  20   -4.61211590e-02  -2.27778573e+00   2.02e-10   1.79e-14  1.03e+00       0.0
  21   -1.82717742e-01  -2.12030961e+00   1.61e-10   1.71e-14  9.01e-01       0.0
  22   -4.94294646e-01  -1.60068946e+00   8.60e-11   2.27e-14  5.40e-01       0.0
  23   -7.57999400e-01  -1.25169521e+00   2.29e-11   2.56e-14  2.46e-01       0.0
  24   -7.77115613e-01  -1.01840603e+00   1.50e-11   1.17e-14  1.27e-01       0.0
  25   -8.62208426e-01  -9.01509394e-01   1.47e-12   8.53e-15  2.09e-02       0.1
  26   -8.73833551e-01  -8.86854829e-01   2.51e-13   5.68e-15  6.92e-03       0.1
  27   -8.76017856e-01  -8.79422262e-01   6.30e-14   1.24e-15  1.81e-03       0.1
  28   -8.76725997e-01  -8.77855082e-01   1.02e-14   5.33e-16  6.01e-04       0.1
  29   -8.76955525e-01  -8.77248478e-01   1.25e-15   8.88e-16  1.56e-04       0.1
  30   -8.76992123e-01  -8.77026346e-01   5.68e-17   8.88e-16  1.82e-05       0.1
  31   -8.76995506e-01  -8.77008600e-01   1.14e-16   4.44e-16  6.98e-06       0.1
  32   -8.76996780e-01  -8.76998081e-01   5.68e-17   7.99e-16  6.93e-07       0.1
  33   -8.76997196e-01  -8.76997270e-01   5.68e-17   4.88e-16  3.95e-08       0.1
  34*  -8.76997214e-01  -8.76997217e-01   5.97e-17   7.99e-16  1.63e-09       0.1
Summary
    Runtime:                                            0.06s
    Status interior point solve:                        optimal
    Status crossover:                                   not run
    objective value:                                    -8.76997214e-01
    interior solution primal residual (abs/rel):        3.20e-11 / 4.01e-15
    interior solution dual residual (abs/rel):          3.38e-11 / 1.69e-11
    interior solution objective gap (abs/rel):          3.11e-09 / 1.66e-09
Ipx: IPM       optimal

Performed postsolve
WARNING: Solution optimality conditions
num/max      0 /  3.2e-11 (relative      0 /  3.2e-14) primal infeasibilities     (tolerance = 1e-07)
num/max    686 /     3.68 (relative    685 /     1.84)   dual infeasibilities     (tolerance = 1e-07)
num/max      0 / 8.16e-15 (relative      0 / 8.15e-18) primal residual errors     (tolerance = 1e-07)
num/max    316 /     4.41 (relative    316 /      2.2)   dual residual errors     (tolerance = 1e-07)
                                         1 /   0.0184  P-D objective error        (tolerance = 1e-07)
WARNING: LP solver claims optimality, but with
WARNING:    num/max    685 /     1.84 relative   dual infeasibilities (tolerance = 1e-07)
WARNING:    num/max    316 /      2.2 relative   dual residual errors (tolerance = 1e-07)
WARNING:                       0.0184 relative P-D objective error    (tolerance = 1e-07)
WARNING: Model status changed from "Optimal" to "Unknown" since relative violation of tolerances is  2.2e+07

Model status        : Unknown
IPM       iterations: 34
Objective value     :  8.7699721402e-01
P-D objective error :  1.8395381762e-02
HiGHS run time      :          0.06
