Running HiGHS 1.14.0 (git hash: 7df0786): Copyright (c) 2026 under MIT licence terms
Rows:     1099331 lower bounds    less than or equal to       -1e+20 are treated as -Infinity
Rows:      501814 upper bounds greater than or equal to        1e+20 are treated as +Infinity
LP has 2545377 rows; 1111943 cols; 7843312 nonzeros
Coefficient ranges:
  Matrix  [1e-06, 2e+05]
  Cost    [1e+00, 1e+00]
  Bound   [6e-09, 1e+06]
  RHS     [0e+00, 0e+00]
WARNING: Problem has some excessively small column bounds
Presolving model
830588 rows, 466285 cols, 2874661 nonzeros 7s
166648 rows, 387348 cols, 1923851 nonzeros 11s
Dependent equations search running on 148103 equations with time limit of 864.00s
Dependent equations search removed 650 rows and 6236 nonzeros in 0.12s (limit = 864.00s)
148313 rows, 345814 cols, 1739334 nonzeros 19s
Presolve reductions: rows 148313(-2397064); columns 345814(-766129); nonzeros 1739334(-6103978) 
Solving the presolved LP
Using dual simplex solver
  Iteration        Objective     Infeasibilities num(sum)
          0    -1.2223743931e+02 Pr: 104328(1.86162e+09) 20.5s
      12854    -2.3886961423e+01 Pr: 100044(3.09041e+07); Du: 0(0.000131668) 25.6s
      17940    -2.3899591222e+01 Pr: 100130(2.65854e+07); Du: 0(0.000136097) 31.0s
      21435    -2.4034173329e+01 Pr: 99517(2.57169e+07); Du: 0(0.000108242) 36.8s
      22878    -2.4037998591e+01 Pr: 99181(1.75719e+07); Du: 0(0.000116789) 41.9s
      24317    -2.4062422999e+01 Pr: 98879(4.47839e+07); Du: 0(0.000141246) 47.3s
      25676    -2.4038482457e+01 Pr: 98349(1.49209e+07); Du: 0(0.000114428) 52.8s
      26814    -2.4074058259e+01 Pr: 98237(3.49278e+07); Du: 0(0.0001186) 57.9s
      28044    -2.4145221599e+01 Pr: 97658(2.72096e+07); Du: 0(0.000103705) 63.9s
      29189    -2.4192237363e+01 Pr: 97963(3.68382e+07); Du: 0(0.000105242) 70.1s
      30450    -2.4205021339e+01 Pr: 98016(1.13596e+08); Du: 0(0.000104053) 77.0s
      31457    -2.4240388141e+01 Pr: 97328(2.60091e+07); Du: 0(0.00011674) 82.6s
      32621    -2.4228797014e+01 Pr: 97254(6.18843e+07); Du: 0(0.000104831) 89.1s
      33703    -2.4235646392e+01 Pr: 97104(2.20496e+07); Du: 0(0.000105749) 95.3s
      34703    -2.4237152791e+01 Pr: 96861(2.84401e+07); Du: 0(0.000136316) 101.2s
      35698    -2.4292927954e+01 Pr: 96635(1.61481e+07); Du: 0(0.000136302) 107.0s
      36590    -2.4292805757e+01 Pr: 96707(3.14698e+07); Du: 0(0.000132718) 112.2s
      37594    -2.4260404429e+01 Pr: 96737(2.74422e+07); Du: 0(0.000140939) 117.5s
      38574    -2.4270923557e+01 Pr: 96416(7.29573e+06); Du: 0(0.000133744) 123.5s
      39536    -2.4268912714e+01 Pr: 96235(1.16946e+07); Du: 0(0.000138658) 129.5s
      40445    -2.4267018202e+01 Pr: 96259(1.86328e+07); Du: 0(0.00014133) 135.1s
      41260    -2.4285327327e+01 Pr: 95814(1.98157e+07); Du: 0(0.000137394) 140.2s
      42195    -2.4310477424e+01 Pr: 95838(1.91504e+07); Du: 0(0.000130935) 146.0s
      43148    -2.4309584223e+01 Pr: 95879(3.27194e+07); Du: 0(0.000144185) 152.1s
      44173    -2.4317062017e+01 Pr: 95854(9.69402e+07); Du: 0(0.000137004) 158.8s
      45232    -2.4320661670e+01 Pr: 96032(9.35587e+07); Du: 0(0.000134738) 165.6s
      46076    -2.4319928582e+01 Pr: 95540(2.36416e+07); Du: 0(0.000137801) 170.7s
      47037    -2.4324577258e+01 Pr: 95675(5.88859e+07); Du: 0(0.000154452) 176.5s
      48000    -2.4311163500e+01 Pr: 95275(4.53867e+07); Du: 0(0.000148701) 182.2s
      49099    -2.3733119005e+01 Pr: 95464(5.63265e+08); Du: 0(0.000153352) 188.7s
      50204    -2.3741421278e+01 Pr: 94761(3.6909e+07); Du: 0(0.000144978) 195.2s
      51818    -2.3810674092e+01 Pr: 94940(1.38713e+08); Du: 0(0.000132731) 202.0s
      52733    -2.3806507813e+01 Pr: 93543(8.45284e+06); Du: 0(0.000136214) 208.0s
      53686    -2.3806824824e+01 Pr: 93550(5.56316e+06); Du: 0(0.000130222) 214.1s
      54674    -2.3806535647e+01 Pr: 93705(1.0485e+07); Du: 0(0.000141452) 220.6s
      55605    -2.3825628646e+01 Pr: 93167(8.91233e+06); Du: 0(0.000126012) 226.8s
      56551    -2.3814138413e+01 Pr: 92926(9.96827e+06); Du: 0(0.000118974) 233.3s
      57590    -2.3813233885e+01 Pr: 92532(3.76951e+06); Du: 0(0.000133524) 239.9s
      58589    -2.3814921748e+01 Pr: 92791(8.69127e+06); Du: 0(0.000135272) 246.9s
      59519    -2.3817932521e+01 Pr: 92635(6.67367e+06); Du: 0(0.00013844) 253.5s
      60217    -2.3814265792e+01 Pr: 93376(9.8192e+07); Du: 0(0.00013033) 258.6s
      61013    -2.3825053089e+01 Pr: 93704(4.59755e+08); Du: 0(0.000111367) 264.3s
      61929    -2.3850371935e+01 Pr: 92196(7.96414e+06); Du: 0(0.000112554) 270.8s
      62845    -2.3849538225e+01 Pr: 91748(1.94146e+06); Du: 0(0.000128734) 277.3s
      63801    -2.3845716209e+01 Pr: 91755(2.54176e+06); Du: 0(0.000126608) 284.3s
      64758    -2.3844019077e+01 Pr: 91586(6.57679e+06); Du: 0(0.00012855) 291.2s
      65568    -2.3842214854e+01 Pr: 91582(1.29353e+07); Du: 0(0.000133553) 297.2s
      66536    -2.3887244626e+01 Pr: 91693(2.6361e+07); Du: 0(0.000114147) 304.3s
      67397    -2.3889546359e+01 Pr: 91644(1.32835e+07); Du: 0(0.000111533) 311.0s
      68168    -2.3883213963e+01 Pr: 91394(3.48652e+07); Du: 0(0.000114033) 317.1s
      69093    -2.3917054108e+01 Pr: 91418(2.38827e+07); Du: 0(0.000102051) 324.4s
      69969    -2.3927304409e+01 Pr: 91235(5.0189e+07); Du: 0(0.000101882) 331.5s
      70805    -2.3959317803e+01 Pr: 90729(2.46792e+07); Du: 0(0.000118271) 338.7s
      71708    -2.3961436907e+01 Pr: 90632(6.37467e+06); Du: 0(0.000115098) 346.1s
      72331    -2.3975630542e+01 Pr: 90483(1.07099e+07); Du: 0(0.000117264) 351.4s
      73222    -2.3978243873e+01 Pr: 90935(1.22657e+07); Du: 0(0.000123026) 359.1s
      73915    -2.3978002291e+01 Pr: 90945(1.49916e+07); Du: 0(0.000112181) 364.9s
      74787    -2.3996118737e+01 Pr: 90454(1.45115e+07); Du: 0(0.000114406) 372.3s
      75445    -2.3970316845e+01 Pr: 90007(9.03992e+06); Du: 0(0.000117281) 378.1s
      76336    -2.3944898856e+01 Pr: 89996(3.5679e+07); Du: 0(0.000116364) 385.6s
      77216    -2.3946040295e+01 Pr: 89821(2.59403e+07); Du: 0(0.000111669) 392.8s
      78135    -2.3947518556e+01 Pr: 89046(1.06407e+07); Du: 0(0.000103551) 400.2s
      78778    -2.3962580123e+01 Pr: 89293(1.72509e+07); Du: 0(9.87804e-05) 405.2s
      79635    -2.4016218803e+01 Pr: 89476(1.7692e+07); Du: 0(9.9661e-05) 412.2s
      80522    -2.4007640622e+01 Pr: 89147(1.10589e+07); Du: 0(9.23617e-05) 419.5s
      81334    -2.4007828256e+01 Pr: 88380(8.19311e+06); Du: 0(9.77538e-05) 426.3s
      82158    -2.4003099895e+01 Pr: 88779(1.45017e+07); Du: 0(9.85442e-05) 433.3s
      83049    -2.4018808843e+01 Pr: 88365(7.67826e+06); Du: 0(0.000104592) 440.8s
      83858    -2.4005643694e+01 Pr: 88378(8.63184e+06); Du: 0(0.000118614) 447.8s
      84514    -2.4007306111e+01 Pr: 88547(8.59e+06); Du: 0(0.000109861) 453.3s
      85204    -2.4010051505e+01 Pr: 88537(1.71542e+07); Du: 0(0.000101837) 459.1s
      85823    -2.4011850411e+01 Pr: 88051(1.07062e+07); Du: 0(0.00010149) 464.3s
      86667    -2.4017506187e+01 Pr: 88131(1.02974e+07); Du: 0(9.9895e-05) 471.9s
      87356    -2.4017165685e+01 Pr: 87965(3.13963e+07); Du: 0(0.000107709) 477.9s
      88006    -2.4032748675e+01 Pr: 87825(1.55158e+07); Du: 0(0.000116402) 483.7s
      88693    -2.4032122238e+01 Pr: 87539(2.68312e+07); Du: 0(0.000104421) 489.8s
      89380    -2.4026510605e+01 Pr: 87364(1.49998e+08); Du: 0(9.35816e-05) 495.9s
      89992    -2.4013167212e+01 Pr: 87286(1.6534e+07); Du: 0(0.000115506) 501.3s
      90860    -2.3978789507e+01 Pr: 86133(2.79449e+06); Du: 0(0.000111407) 506.6s
      91558    -2.3980971730e+01 Pr: 87685(7.82081e+07); Du: 0(0.000100526) 512.8s
      92166    -2.3981730862e+01 Pr: 86486(1.45861e+07); Du: 0(0.000100431) 518.5s
      92717    -2.3971745007e+01 Pr: 86235(3.12824e+06); Du: 0(0.00012198) 523.5s
      93320    -2.3975762034e+01 Pr: 85935(7.13884e+06); Du: 0(0.000108043) 529.0s
      93927    -2.4060247534e+01 Pr: 85818(4.05739e+06); Du: 0(0.00011146) 534.6s
      94556    -2.4091773671e+01 Pr: 85684(1.1581e+07); Du: 0(0.000100851) 540.2s
      95179    -2.4091995116e+01 Pr: 86047(3.0103e+07); Du: 0(0.000120526) 546.0s
      95776    -2.4125702111e+01 Pr: 85423(4.19803e+06); Du: 0(0.000116062) 551.6s
      96359    -2.4125569932e+01 Pr: 85263(4.01362e+06); Du: 0(0.000114899) 557.1s
      96956    -2.4127070070e+01 Pr: 85735(7.89619e+06); Du: 0(0.000118007) 562.6s
      97650    -2.4141375135e+01 Pr: 85666(6.24849e+06); Du: 0(0.000109754) 569.1s
      98305    -2.4142382317e+01 Pr: 85574(8.00362e+06); Du: 0(0.000105967) 575.0s
      98979    -2.4014003703e+01 Pr: 86209(3.22099e+07); Du: 0(0.00010123) 581.3s
      99579    -2.4002470172e+01 Pr: 85314(4.19163e+06); Du: 0(0.000102659) 587.0s
     100154    -2.4001579180e+01 Pr: 85238(5.55277e+06); Du: 0(0.000101731) 592.5s
     100769    -2.4004680646e+01 Pr: 85005(3.93788e+06); Du: 0(0.000110925) 598.3s
     101418    -2.4006318336e+01 Pr: 85133(1.64461e+07); Du: 0(0.000101233) 604.5s
     102076    -2.4047911819e+01 Pr: 85541(4.06825e+07); Du: 0(0.000100469) 610.7s
     102655    -2.4047816525e+01 Pr: 85012(1.27059e+07); Du: 0(0.000117053) 616.1s
     103306    -2.4047596256e+01 Pr: 84643(2.68977e+06); Du: 0(0.000120704) 622.3s
     103945    -2.4047546449e+01 Pr: 85038(1.40754e+07); Du: 0(0.000110738) 628.4s
     104610    -2.4032501881e+01 Pr: 85659(2.69165e+07); Du: 0(9.72307e-05) 634.9s
     105210    -2.4048991375e+01 Pr: 85507(2.25751e+07); Du: 0(9.20419e-05) 640.8s
     105806    -2.4048848517e+01 Pr: 84615(5.59485e+06); Du: 0(0.000103075) 646.7s
     106406    -2.4051736692e+01 Pr: 85004(3.26792e+07); Du: 0(0.000102078) 652.7s
     107034    -2.4051373622e+01 Pr: 84089(4.6233e+06); Du: 0(0.000108133) 658.9s
     107652    -2.4048169909e+01 Pr: 84040(3.83237e+06); Du: 0(0.000112702) 665.1s
     108268    -2.4020604764e+01 Pr: 84579(3.71378e+07); Du: 0(0.000102436) 671.2s
     108854    -2.4029938806e+01 Pr: 84318(1.20436e+07); Du: 0(9.20148e-05) 677.0s
     109416    -2.4033340899e+01 Pr: 83867(3.33311e+06); Du: 0(0.000100414) 682.6s
     110022    -2.4033667927e+01 Pr: 84352(1.06982e+07); Du: 0(9.31215e-05) 688.7s
     110653    -2.4033811300e+01 Pr: 83371(2.83839e+06); Du: 0(8.99056e-05) 695.1s
     111305    -2.4036009474e+01 Pr: 83481(2.75837e+06); Du: 0(0.00010316) 701.8s
     111963    -2.4033461575e+01 Pr: 83709(4.84333e+06); Du: 0(0.000106722) 709.0s
     112595    -2.4026986035e+01 Pr: 83183(2.56048e+06); Du: 0(0.000107223) 715.8s
     113275    -2.4033155434e+01 Pr: 83788(9.21866e+06); Du: 0(0.000100899) 722.9s
     113943    -2.4035142963e+01 Pr: 83698(9.19665e+06); Du: 0(9.54246e-05) 729.8s
     114572    -2.4018771997e+01 Pr: 83420(6.47852e+06); Du: 0(9.74383e-05) 736.4s
     115210    -2.4038097983e+01 Pr: 83283(7.08642e+06); Du: 0(9.44428e-05) 743.2s
     115854    -2.4086441976e+01 Pr: 83230(5.8031e+06); Du: 0(9.14299e-05) 750.2s
     116709    -2.4086988975e+01 Pr: 82677(2.44589e+06); Du: 0(9.5998e-05) 756.8s
     117330    -2.4082740245e+01 Pr: 83667(4.8336e+07); Du: 0(9.24349e-05) 763.5s
     117912    -2.4082123800e+01 Pr: 82575(3.44174e+06); Du: 0(0.000101508) 769.8s
     118545    -2.4102226057e+01 Pr: 82253(2.45669e+06); Du: 0(9.98837e-05) 776.7s
     119155    -2.4107968569e+01 Pr: 82609(6.40976e+06); Du: 0(0.000105868) 783.4s
     119807    -2.4109717572e+01 Pr: 82696(1.43499e+07); Du: 0(0.000109079) 790.5s
     120438    -2.4109667192e+01 Pr: 82723(1.65765e+07); Du: 0(0.000105658) 797.5s
     121123    -2.4107257107e+01 Pr: 82197(5.50449e+06); Du: 0(0.000100904) 805.1s
     121742    -2.4107094869e+01 Pr: 82157(8.40528e+06); Du: 0(0.000101975) 812.0s
     122357    -2.4065664017e+01 Pr: 82501(1.48814e+07); Du: 0(0.000109526) 818.9s
     123003    -2.3987000305e+01 Pr: 82050(2.06004e+07); Du: 0(9.85918e-05) 826.0s
     123602    -2.3977781416e+01 Pr: 81858(8.75894e+06); Du: 0(0.000103159) 832.6s
     124194    -2.4057921952e+01 Pr: 81703(1.59385e+07); Du: 0(9.98211e-05) 839.1s
     124786    -2.4069255983e+01 Pr: 81254(3.33417e+06); Du: 0(0.000102391) 845.8s
     125368    -2.4069194174e+01 Pr: 81091(4.18535e+06); Du: 0(0.000108927) 852.2s
     126007    -2.4045742225e+01 Pr: 81228(2.12477e+07); Du: 0(0.000115972) 859.2s
     126673    -2.4049527937e+01 Pr: 81098(5.04413e+06); Du: 0(0.00010319) 866.5s
     127302    -2.4048592224e+01 Pr: 81568(3.15186e+07); Du: 0(9.92847e-05) 873.4s
     127838    -2.4048816688e+01 Pr: 81244(1.45899e+07); Du: 0(0.000103108) 879.5s
     128452    -2.4046600286e+01 Pr: 81469(2.59293e+07); Du: 0(9.46364e-05) 886.4s
     129058    -2.4041736763e+01 Pr: 81190(6.164e+06); Du: 0(0.000102147) 893.2s
     129655    -2.4049465648e+01 Pr: 80873(5.92071e+06); Du: 0(0.000104767) 899.9s
     130265    -2.4047997090e+01 Pr: 81473(3.99026e+07); Du: 0(0.000110707) 906.8s
     130863    -2.4202568403e+01 Pr: 81990(7.2985e+07); Du: 0(0.000103087) 913.4s
     131428    -2.4187949389e+01 Pr: 81474(3.0539e+07); Du: 0(0.00011551) 919.9s
     132139    -2.4187303807e+01 Pr: 81179(1.78777e+07); Du: 0(0.000104115) 927.9s
     132747    -2.4183138874e+01 Pr: 80335(1.96523e+06); Du: 0(0.00010412) 934.9s
     133345    -2.4186079505e+01 Pr: 80065(2.65235e+06); Du: 0(0.000104321) 941.7s
     134004    -2.4186813350e+01 Pr: 79885(3.24895e+06); Du: 0(0.000109809) 949.1s
     134619    -2.4211817719e+01 Pr: 80548(1.30172e+07); Du: 0(0.00010661) 956.1s
     135255    -2.4215682729e+01 Pr: 80392(7.14669e+06); Du: 0(0.000117141) 963.3s
     135876    -2.4210181842e+01 Pr: 79739(2.96386e+06); Du: 0(0.000118801) 970.4s
     136456    -2.4131852341e+01 Pr: 79776(4.30038e+06); Du: 0(0.000120995) 977.0s
     137110    -2.4132095163e+01 Pr: 80327(1.56735e+07); Du: 0(0.000110363) 984.5s
     137781    -2.4183962914e+01 Pr: 80204(1.0752e+07); Du: 0(9.79507e-05) 992.0s
     138448    -2.4184186040e+01 Pr: 79699(4.00657e+06); Du: 0(0.000106328) 999.7s
     139090    -2.4193424514e+01 Pr: 79861(1.31548e+07); Du: 0(9.78237e-05) 1007.2s
     143708    -2.4091433135e+01 Pr: 79283(7.25375e+06); Du: 0(9.41224e-05) 1060.8s
     148145    -2.4111524373e+01 Pr: 78934(1.30256e+07); Du: 0(9.47876e-05) 1112.7s
     152440    -2.4150181844e+01 Pr: 78084(6.6306e+06); Du: 0(9.89996e-05) 1163.3s
     157274    -2.4013386353e+01 Pr: 76787(2.62452e+06); Du: 0(0.000104046) 1215.3s
     161670    -2.4013009219e+01 Pr: 75531(1.49916e+06); Du: 0(0.000102008) 1267.8s
     166112    -2.4094706319e+01 Pr: 75739(3.67853e+06); Du: 0(0.00010363) 1321.1s
     170452    -2.4099775644e+01 Pr: 75496(1.19672e+07); Du: 0(9.95919e-05) 1373.9s
     174568    -2.4099613220e+01 Pr: 76015(1.41754e+08); Du: 0(9.86259e-05) 1424.8s
     178794    -2.4122688543e+01 Pr: 74817(8.48829e+06); Du: 0(0.000113828) 1477.0s
     182997    -2.4041015600e+01 Pr: 74294(9.85898e+06); Du: 0(9.61924e-05) 1529.4s
     187181    -2.4002441155e+01 Pr: 73610(3.35443e+06); Du: 0(9.67452e-05) 1581.9s
     191460    -2.4030735960e+01 Pr: 73547(3.05685e+06); Du: 0(0.000108329) 1635.4s
     195737    -2.4135810004e+01 Pr: 73955(2.84557e+07); Du: 0(9.90049e-05) 1688.6s
     199956    -2.4152100243e+01 Pr: 73234(5.82177e+06); Du: 0(0.000101583) 1741.5s
     204008    -2.4135445063e+01 Pr: 72440(3.3157e+06); Du: 0(9.25341e-05) 1792.2s
     208327    -2.4137719930e+01 Pr: 72608(2.04726e+07); Du: 0(9.72949e-05) 1846.5s
     212547    -2.4132487698e+01 Pr: 71365(1.459e+06); Du: 0(8.98239e-05) 1897.7s
     216617    -2.4160593354e+01 Pr: 71101(2.60586e+06); Du: 0(8.70893e-05) 1948.7s
     220657    -2.4118531407e+01 Pr: 70742(4.74734e+06); Du: 0(8.73677e-05) 2000.7s
     224677    -2.4137741766e+01 Pr: 71551(9.44512e+07); Du: 0(8.14107e-05) 2052.6s
     228872    -2.4126587573e+01 Pr: 70592(1.56847e+07); Du: 0(8.18966e-05) 2106.5s
     232908    -2.4094524407e+01 Pr: 70693(6.01911e+07); Du: 0(8.24921e-05) 2158.2s
     237097    -2.4088759483e+01 Pr: 69560(8.1583e+06); Du: 0(8.3041e-05) 2212.0s
     241030    -2.4103283832e+01 Pr: 68982(7.63011e+06); Du: 0(8.58991e-05) 2263.2s
     244977    -2.4136504711e+01 Pr: 68768(1.01508e+07); Du: 0(8.18647e-05) 2314.7s
     248928    -2.4075764777e+01 Pr: 69221(5.89555e+07); Du: 0(8.32718e-05) 2366.4s
     252925    -2.4089488587e+01 Pr: 68411(5.80944e+06); Du: 0(8.50593e-05) 2418.8s
     256740    -2.4074789850e+01 Pr: 68467(1.24283e+07); Du: 0(8.31148e-05) 2469.1s
     260818    -2.4023702213e+01 Pr: 67249(3.72552e+06); Du: 0(8.9883e-05) 2522.0s
     264837    -2.4104853646e+01 Pr: 67188(1.51733e+06); Du: 0(7.82387e-05) 2574.0s
     269050    -2.4095298436e+01 Pr: 66844(1.48154e+06); Du: 0(7.7501e-05) 2627.1s
     273213    -2.4074165640e+01 Pr: 67894(4.46173e+07); Du: 0(7.75748e-05) 2678.3s
     277335    -2.4075824343e+01 Pr: 66489(2.40408e+06); Du: 0(7.65103e-05) 2730.4s
     281453    -2.4062824129e+01 Pr: 66781(6.51797e+06); Du: 0(7.47303e-05) 2782.6s
     285454    -2.4072026292e+01 Pr: 65332(745682); Du: 0(7.77309e-05) 2833.1s
     289624    -2.4130378352e+01 Pr: 65292(1.99913e+06); Du: 0(7.59429e-05) 2885.9s
     293684    -2.4146834040e+01 Pr: 65070(627037); Du: 0(7.77312e-05) 2938.0s
     297752    -2.4167701326e+01 Pr: 64442(622235); Du: 0(6.95775e-05) 2990.1s
     301754    -2.4178755094e+01 Pr: 64806(1.58186e+07); Du: 0(7.82309e-05) 3041.8s
     305877    -2.4176683183e+01 Pr: 63903(852939); Du: 0(8.15023e-05) 3093.5s
     309947    -2.4094258871e+01 Pr: 63023(865347); Du: 0(7.54741e-05) 3146.0s
     314160    -2.4089452118e+01 Pr: 64642(2.42699e+07); Du: 0(7.69097e-05) 3200.0s
     318227    -2.4096955541e+01 Pr: 63428(662816); Du: 0(7.69229e-05) 3253.0s
     322322    -2.4094370833e+01 Pr: 62640(1.06093e+06); Du: 0(7.29828e-05) 3306.2s
     326231    -2.4077083279e+01 Pr: 63109(951684); Du: 0(6.84833e-05) 3357.0s
     330407    -2.4081236181e+01 Pr: 64722(1.58037e+07); Du: 0(7.17944e-05) 3409.8s
     334409    -2.4094484409e+01 Pr: 63004(1.30583e+06); Du: 0(6.79726e-05) 3461.8s
     338410    -2.4094490169e+01 Pr: 61439(436408); Du: 0(8.2514e-05) 3514.5s
     342388    -2.4095214952e+01 Pr: 61493(509297); Du: 0(7.39545e-05) 3566.8s
     346481    -2.4083034573e+01 Pr: 61567(479510); Du: 0(7.30465e-05) 3620.1s
     350293    -2.4052578373e+01 Pr: 61904(1.91044e+06); Du: 0(7.25639e-05) 3670.1s
     354284    -2.4075139768e+01 Pr: 61299(824645); Du: 0(6.98705e-05) 3722.8s
     358323    -2.4079633621e+01 Pr: 61486(4.79985e+06); Du: 0(7.14496e-05) 3776.0s
     363303    -2.4078051651e+01 Pr: 59175(242626); Du: 0(6.78456e-05) 3826.8s
     367277    -2.4082743787e+01 Pr: 58912(452909); Du: 0(7.15721e-05) 3879.4s
     371291    -2.4076749227e+01 Pr: 59446(627766); Du: 0(7.02423e-05) 3932.3s
     375345    -2.4085275415e+01 Pr: 58827(534769); Du: 0(7.19662e-05) 3985.8s
     379387    -2.4086572760e+01 Pr: 58863(2.0816e+06); Du: 0(7.05453e-05) 4039.1s
     383475    -2.4084820876e+01 Pr: 57996(1.1693e+06); Du: 0(6.91299e-05) 4092.6s
     387562    -2.4083683968e+01 Pr: 59105(7.28899e+06); Du: 0(6.81571e-05) 4146.1s
     391612    -2.4087675801e+01 Pr: 56426(108037); Du: 0(7.15896e-05) 4198.6s
     395735    -2.4080611786e+01 Pr: 56426(342411); Du: 0(7.2345e-05) 4249.9s
     399525    -2.4081774756e+01 Pr: 56569(519055); Du: 0(6.86862e-05) 4300.4s
     403537    -2.4119825080e+01 Pr: 55934(171128); Du: 0(7.23522e-05) 4354.4s
     407657    -2.4066547903e+01 Pr: 55579(142380); Du: 0(6.89184e-05) 4408.8s
     411724    -2.4121488745e+01 Pr: 56353(2.09109e+06); Du: 0(6.6935e-05) 4463.4s
     415755    -2.4114006735e+01 Pr: 56061(349130); Du: 0(6.71307e-05) 4516.8s
     419879    -2.4128639220e+01 Pr: 54766(106031); Du: 0(6.99357e-05) 4569.2s
     423932    -2.4119966893e+01 Pr: 54285(95328.9); Du: 0(6.96622e-05) 4622.9s
     427694    -2.4119992328e+01 Pr: 54843(158293); Du: 0(6.85668e-05) 4673.1s
     431769    -2.4111445833e+01 Pr: 53018(20741.2); Du: 0(7.15208e-05) 4727.2s
     436229    -2.4113830311e+01 Pr: 53243(364006); Du: 0(6.82672e-05) 4780.0s
     440289    -2.4123264612e+01 Pr: 52331(219265); Du: 0(7.11922e-05) 4833.7s
     444130    -2.4122225785e+01 Pr: 52313(342771); Du: 0(7.23156e-05) 4884.6s
     448057    -2.4122318433e+01 Pr: 51739(254760); Du: 0(7.58959e-05) 4936.4s
     451838    -2.4123537394e+01 Pr: 51379(83294); Du: 0(6.46529e-05) 4986.5s
     456125    -2.4115984749e+01 Pr: 51475(424970); Du: 0(6.39485e-05) 5040.9s
     459876    -2.4118539427e+01 Pr: 50809(185961); Du: 0(6.63017e-05) 5091.3s
     464237    -2.4120227328e+01 Pr: 50763(82952.7); Du: 0(6.41834e-05) 5144.2s
     468381    -2.4125028151e+01 Pr: 50129(94760.5); Du: 0(6.29886e-05) 5197.5s
     472132    -2.4121924315e+01 Pr: 49972(486261); Du: 0(6.31011e-05) 5247.6s
     475937    -2.4123610039e+01 Pr: 48339(26010.4); Du: 0(6.46171e-05) 5298.6s
     479829    -2.4142348690e+01 Pr: 48578(45879.4); Du: 0(6.20809e-05) 5350.3s
     483799    -2.4141547756e+01 Pr: 48002(94356.8); Du: 0(6.56355e-05) 5400.4s
     487951    -2.4143019564e+01 Pr: 46058(25534.8); Du: 0(7.58071e-05) 5450.5s
     492528    -2.4144033099e+01 Pr: 45997(18407.2); Du: 0(6.68397e-05) 5503.9s
     497330    -2.4148701237e+01 Pr: 45951(47498.5); Du: 0(6.82151e-05) 5557.4s
     501414    -2.4148849805e+01 Pr: 45262(183357); Du: 0(6.68319e-05) 5612.0s
     505839    -2.4153335614e+01 Pr: 43599(24106.9); Du: 0(6.76846e-05) 5665.2s
     509923    -2.4094746458e+01 Pr: 44424(44062.5); Du: 0(6.8438e-05) 5719.3s
     515445    -2.4084295737e+01 Pr: 43804(449304); Du: 0(6.52876e-05) 5771.9s
     519261    -2.4096257027e+01 Pr: 42664(121120); Du: 0(6.98728e-05) 5823.3s
     523041    -2.4095598492e+01 Pr: 41936(11102.9); Du: 0(6.72624e-05) 5873.7s
     526848    -2.4085617924e+01 Pr: 41363(20706.9); Du: 0(6.79559e-05) 5923.9s
     533408    -2.4096351549e+01 Pr: 37289(17233.2); Du: 0(8.22497e-05) 5975.9s
     540193    -2.4095727760e+01 Pr: 36266(31885); Du: 0(7.70127e-05) 6026.2s
     544444    -2.4096038174e+01 Pr: 34740(11932.9); Du: 0(7.2335e-05) 6080.4s
     548808    -2.4100405300e+01 Pr: 35339(76827.9); Du: 0(7.08102e-05) 6134.3s
     552884    -2.4084253546e+01 Pr: 34238(15179.6); Du: 0(6.79115e-05) 6185.8s
     561181    -2.4090524988e+01 Pr: 28928(1001.05); Du: 0(7.60127e-05) 6237.7s
     567243    -2.4091354989e+01 Pr: 25046(312.641); Du: 0(8.11917e-05) 6288.7s
     584221    -2.4099497812e+01 Pr: 12991(0.0515639); Du: 0(0.000117364) 6339.8s
     601574    -1.0000000000e+00 Pr: 0(0) 6349.5s
Using dual simplex solver
  Iteration        Objective     Infeasibilities num(sum)
     601574    -1.0000000000e+00 Pr: 146(2.4416e-05) 6349.7s
     601763    -1.0000000000e+00 Pr: 0(0) 6349.8s

Performed postsolve
Solving the original LP from the solution after postsolve
Using dual simplex solver
  Iteration        Objective     Infeasibilities num(sum)
     601763    -3.6362277827e+00 Pr: 1067(0.000828307); Du: 0(3.90209e-05) 7511.2s
     602854     1.0000000000e+00 Pr: 0(0) 7552.1s
Using dual simplex solver
  Iteration        Objective     Infeasibilities num(sum)
     602854     1.0000000000e+00 Pr: 85(1.75894e-05) 7553.1s
     602951     1.0000000000e+00 Pr: 0(0) 7557.4s
Required 1188 simplex iterations after postsolve

Model status        : Optimal
Simplex   iterations: 602951
Objective value     :  1.0000000000e+00
P-D objective error :  0.0000000000e+00
HiGHS run time      :       7557.69
