Running HiGHS 1.14.0 (git hash: 7df0786): Copyright (c) 2026 under MIT licence terms
Rows:      673662 lower bounds    less than or equal to       -1e+20 are treated as -Infinity
Rows:      312408 upper bounds greater than or equal to        1e+20 are treated as +Infinity
LP has 1558374 rows; 685998 cols; 4791018 nonzeros
Coefficient ranges:
  Matrix  [1e-06, 2e+05]
  Cost    [1e+00, 1e+00]
  Bound   [6e-09, 1e+06]
  RHS     [0e+00, 0e+00]
WARNING: Problem has some excessively small column bounds
Presolving model
524200 rows, 298484 cols, 1810683 nonzeros 4s
107039 rows, 251723 cols, 1228862 nonzeros 7s
Dependent equations search running on 94911 equations with time limit of 864.00s
Dependent equations search removed 472 rows and 4418 nonzeros in 0.07s (limit = 864.00s)
95305 rows, 225223 cols, 1110518 nonzeros 12s
Presolve reductions: rows 95305(-1463069); columns 225223(-460775); nonzeros 1110518(-3680500) 
Solving the presolved LP
Using dual simplex solver
  Iteration        Objective     Infeasibilities num(sum)
          0    -1.2170981424e+02 Pr: 66873(1.85993e+09) 12.6s
      12460    -2.6508973184e+01 Pr: 62221(6.58687e+06); Du: 0(7.40654e-05) 17.7s
      16113    -2.6461266957e+01 Pr: 61770(7.61155e+06); Du: 0(4.84572e-05) 22.9s
      18963    -2.6613220204e+01 Pr: 61692(4.67844e+07); Du: 0(5.04118e-05) 28.2s
      21114    -2.6786561935e+01 Pr: 61333(2.78191e+07); Du: 0(5.41172e-05) 33.3s
      23134    -2.6809859663e+01 Pr: 60691(2.01757e+07); Du: 0(7.62208e-05) 38.7s
      24869    -2.6722959300e+01 Pr: 61444(2.89043e+08); Du: 0(7.53568e-05) 43.8s
      26580    -2.6724809249e+01 Pr: 61278(4.94141e+08); Du: 0(8.90238e-05) 48.9s
      28465    -2.6727550733e+01 Pr: 60830(2.96553e+08); Du: 0(9.56825e-05) 54.6s
      30067    -2.6735493441e+01 Pr: 61032(1.0608e+09); Du: 0(9.21837e-05) 59.7s
      31598    -2.6670427789e+01 Pr: 60655(2.81982e+08); Du: 0(7.45739e-05) 65.3s
      33117    -2.6658708509e+01 Pr: 60412(2.67703e+08); Du: 0(7.85378e-05) 71.1s
      34487    -2.6650202440e+01 Pr: 59668(1.34251e+08); Du: 0(7.53328e-05) 76.3s
      35873    -2.6674754295e+01 Pr: 59825(5.58983e+08); Du: 0(7.32088e-05) 82.0s
      37129    -2.6611087657e+01 Pr: 59897(1.16209e+09); Du: 0(7.86736e-05) 87.4s
      38343    -2.6663044570e+01 Pr: 60166(1.25409e+10); Du: 0(7.27103e-05) 92.8s
      39536    -2.6763682552e+01 Pr: 59958(4.26808e+09); Du: 0(6.7159e-05) 98.3s
      40813    -2.6268063316e+01 Pr: 59105(1.80491e+08); Du: 0(7.14401e-05) 104.0s
      42157    -2.6430770529e+01 Pr: 57640(7.90026e+06); Du: 0(7.87274e-05) 109.8s
      43349    -2.6532698115e+01 Pr: 57601(1.1446e+07); Du: 0(7.87367e-05) 115.7s
      44435    -2.6548475006e+01 Pr: 57391(6.48904e+06); Du: 0(7.59784e-05) 121.1s
      45602    -2.6513892792e+01 Pr: 57249(8.07919e+06); Du: 0(8.20269e-05) 126.7s
      46654    -2.6570770803e+01 Pr: 57117(6.65692e+06); Du: 0(8.53418e-05) 131.8s
      48010    -2.6537801115e+01 Pr: 57103(2.89476e+07); Du: 0(8.04527e-05) 137.7s
      49041    -2.6585799893e+01 Pr: 56858(1.41416e+07); Du: 0(7.48621e-05) 142.9s
      50066    -2.6574765756e+01 Pr: 56594(1.47076e+07); Du: 0(7.64555e-05) 148.0s
      51303    -2.6582602665e+01 Pr: 56113(1.98198e+07); Du: 0(7.42174e-05) 154.3s
      52444    -2.6554702436e+01 Pr: 55565(2.76284e+07); Du: 0(7.73652e-05) 160.1s
      53571    -2.6554102105e+01 Pr: 55083(3.61196e+06); Du: 0(7.97809e-05) 165.9s
      54791    -2.6501209582e+01 Pr: 55160(8.71741e+06); Du: 0(6.67365e-05) 172.1s
      55776    -2.6531046882e+01 Pr: 54811(3.12227e+06); Du: 0(6.74638e-05) 177.6s
      56768    -2.6522036842e+01 Pr: 54937(3.4877e+06); Du: 0(6.67113e-05) 183.0s
      57897    -2.6542780521e+01 Pr: 54955(8.78989e+06); Du: 0(6.21953e-05) 189.2s
      59074    -2.6542666779e+01 Pr: 54533(1.15001e+07); Du: 0(6.72284e-05) 195.7s
      60161    -2.6477864696e+01 Pr: 54657(1.2767e+07); Du: 0(7.76647e-05) 201.8s
      61234    -2.6465140361e+01 Pr: 54059(6.40191e+06); Du: 0(7.34525e-05) 207.6s
      62097    -2.6512133570e+01 Pr: 53696(2.09939e+06); Du: 0(7.22122e-05) 212.8s
      62958    -2.6578846675e+01 Pr: 53991(7.60556e+06); Du: 0(7.87119e-05) 217.9s
      64067    -2.6578059022e+01 Pr: 53853(4.40354e+06); Du: 0(7.48781e-05) 224.5s
      65015    -2.6575585541e+01 Pr: 53122(912310); Du: 0(8.58535e-05) 230.1s
      65924    -2.6577096763e+01 Pr: 53196(3.34712e+06); Du: 0(7.8236e-05) 235.4s
      67042    -2.6534786149e+01 Pr: 53097(2.50139e+06); Du: 0(7.87525e-05) 242.0s
      67902    -2.6529396579e+01 Pr: 52843(3.41328e+06); Du: 0(7.34826e-05) 247.2s
      68759    -2.6571102062e+01 Pr: 52926(8.73265e+06); Du: 0(7.05295e-05) 252.4s
      69617    -2.6580694059e+01 Pr: 52305(830793); Du: 0(6.87807e-05) 257.7s
      70474    -2.6580555701e+01 Pr: 53039(1.12571e+07); Du: 0(6.58464e-05) 263.0s
      71324    -2.6580266642e+01 Pr: 52026(1.62513e+06); Du: 0(7.6993e-05) 268.3s
      72139    -2.6524180439e+01 Pr: 52486(8.64518e+06); Du: 0(7.50826e-05) 273.4s
      72994    -2.6516000406e+01 Pr: 52563(1.53893e+07); Du: 0(7.47639e-05) 278.6s
      73774    -2.6556315688e+01 Pr: 51936(6.99039e+06); Du: 0(7.40882e-05) 283.7s
      74645    -2.6558124586e+01 Pr: 51882(3.0752e+06); Du: 0(7.7745e-05) 289.4s
      75528    -2.6560090444e+01 Pr: 52618(2.8836e+07); Du: 0(7.00753e-05) 295.1s
      76352    -2.6540217678e+01 Pr: 51765(1.58099e+06); Du: 0(7.61113e-05) 300.5s
      77183    -2.6509093500e+01 Pr: 51819(3.77884e+06); Du: 0(7.5746e-05) 305.9s
      78101    -2.6506992268e+01 Pr: 52078(1.36151e+07); Du: 0(6.68715e-05) 311.4s
      78951    -2.6515516808e+01 Pr: 51486(1.9307e+06); Du: 0(6.98521e-05) 317.1s
      79799    -2.6513032962e+01 Pr: 51653(8.94243e+06); Du: 0(6.51332e-05) 322.9s
      80713    -2.6513711192e+01 Pr: 51420(1.91294e+06); Du: 0(6.84701e-05) 328.9s
      81610    -2.6526928977e+01 Pr: 51690(8.53741e+06); Du: 0(7.45467e-05) 334.9s
      82468    -2.6533541488e+01 Pr: 51715(8.56794e+06); Du: 0(6.44002e-05) 340.8s
      83330    -2.6501393149e+01 Pr: 51364(3.61771e+06); Du: 0(7.62218e-05) 346.6s
      84166    -2.6537986944e+01 Pr: 51431(3.54721e+06); Du: 0(8.51188e-05) 352.2s
      85052    -2.6529167880e+01 Pr: 52268(5.83448e+07); Du: 0(7.64227e-05) 358.2s
      85857    -2.6530190696e+01 Pr: 51603(9.03949e+06); Du: 0(8.88999e-05) 363.7s
      86655    -2.6573595828e+01 Pr: 51302(6.58639e+06); Du: 0(7.68066e-05) 369.1s
      87436    -2.6567150493e+01 Pr: 51899(1.39499e+07); Du: 0(8.48917e-05) 374.4s
      88258    -2.6569128245e+01 Pr: 51495(5.48718e+06); Du: 0(7.33023e-05) 380.0s
      89119    -2.6520366818e+01 Pr: 51378(6.34265e+06); Du: 0(7.19926e-05) 385.9s
      90017    -2.6569531165e+01 Pr: 51253(6.25224e+06); Du: 0(7.53979e-05) 392.0s
      90918    -2.6525506613e+01 Pr: 51194(1.31439e+07); Du: 0(7.38148e-05) 398.2s
      91786    -2.6510748227e+01 Pr: 50913(3.01583e+06); Du: 0(7.48174e-05) 404.2s
      92580    -2.6625854350e+01 Pr: 50647(7.0903e+06); Du: 0(7.53375e-05) 409.7s
      93394    -2.6642076327e+01 Pr: 50847(1.27178e+07); Du: 0(7.30927e-05) 415.3s
      94255    -2.6612054289e+01 Pr: 50418(5.31075e+06); Du: 0(7.29465e-05) 421.2s
      95135    -2.6607287150e+01 Pr: 50636(3.65715e+06); Du: 0(7.90331e-05) 427.3s
      96062    -2.6639424483e+01 Pr: 50029(1.17201e+06); Du: 0(7.38608e-05) 433.8s
      97034    -2.6637176448e+01 Pr: 50105(2.94126e+06); Du: 0(6.62618e-05) 440.7s
      97898    -2.6686646741e+01 Pr: 49864(3.22352e+06); Du: 0(7.42352e-05) 446.8s
      98756    -2.6688942250e+01 Pr: 50272(9.01845e+06); Du: 0(6.77194e-05) 452.9s
      99668    -2.6678546270e+01 Pr: 49831(4.44061e+06); Du: 0(8.56561e-05) 459.4s
     100624    -2.6680180923e+01 Pr: 49428(1.82885e+06); Du: 0(8.51927e-05) 466.3s
     101552    -2.6653771499e+01 Pr: 49557(4.04766e+06); Du: 0(7.67203e-05) 472.9s
     102492    -2.6632829730e+01 Pr: 49744(4.29099e+06); Du: 0(7.5065e-05) 479.7s
     103334    -2.6633176933e+01 Pr: 49371(1.05511e+06); Du: 0(7.92385e-05) 485.8s
     104154    -2.6633306929e+01 Pr: 49533(5.75919e+06); Du: 0(8.29668e-05) 491.6s
     105021    -2.6655443985e+01 Pr: 49576(7.83559e+06); Du: 0(7.81578e-05) 497.9s
     105899    -2.6651270851e+01 Pr: 48850(1.73834e+06); Du: 0(7.79013e-05) 504.1s
     106750    -2.6639432349e+01 Pr: 50634(2.22109e+08); Du: 0(7.02191e-05) 510.3s
     107688    -2.6647247217e+01 Pr: 49665(1.76442e+07); Du: 0(7.86691e-05) 517.2s
     108625    -2.6648574191e+01 Pr: 48740(1.41339e+06); Du: 0(9.19652e-05) 523.9s
     109514    -2.6656621823e+01 Pr: 49098(1.36459e+07); Du: 0(7.67491e-05) 530.5s
     110215    -2.6656914627e+01 Pr: 48932(9.57961e+06); Du: 0(7.6992e-05) 535.6s
     111170    -2.6664414444e+01 Pr: 48558(4.19758e+06); Du: 0(7.64857e-05) 542.6s
     112104    -2.6664323343e+01 Pr: 48830(3.67243e+06); Du: 0(8.41404e-05) 549.3s
     112981    -2.6663257810e+01 Pr: 48257(1.28115e+06); Du: 0(8.56962e-05) 555.2s
     113897    -2.6634420606e+01 Pr: 48523(2.86023e+06); Du: 0(8.74209e-05) 561.5s
     114949    -2.6569573891e+01 Pr: 48758(7.56745e+07); Du: 0(7.93888e-05) 567.4s
     115929    -2.6553510933e+01 Pr: 48043(1.84706e+07); Du: 0(7.62433e-05) 573.7s
     116853    -2.6594479980e+01 Pr: 47609(850513); Du: 0(7.59129e-05) 580.3s
     117745    -2.6595679838e+01 Pr: 47700(1.00535e+06); Du: 0(8.23236e-05) 586.6s
     118620    -2.6597735496e+01 Pr: 47684(2.88761e+06); Du: 0(7.50431e-05) 592.8s
     119522    -2.6600432758e+01 Pr: 48011(1.13949e+07); Du: 0(7.34624e-05) 599.1s
     120549    -2.6601560086e+01 Pr: 47611(4.58131e+06); Du: 0(8.46823e-05) 606.3s
     121457    -2.6601003434e+01 Pr: 47601(5.43583e+06); Du: 0(8.08314e-05) 612.7s
     122403    -2.6562213559e+01 Pr: 47581(7.97657e+06); Du: 0(7.88198e-05) 619.3s
     123284    -2.6562300644e+01 Pr: 47141(2.60905e+06); Du: 0(7.4517e-05) 625.6s
     124101    -2.6536333548e+01 Pr: 47033(1.74898e+06); Du: 0(8.42577e-05) 631.5s
     125005    -2.6560250704e+01 Pr: 47245(7.87618e+06); Du: 0(7.55913e-05) 638.0s
     125898    -2.6575611684e+01 Pr: 47395(8.24995e+06); Du: 0(6.79436e-05) 644.4s
     126842    -2.6573351346e+01 Pr: 47491(1.82908e+07); Du: 0(7.04667e-05) 651.2s
     127760    -2.6571796512e+01 Pr: 46875(2.1369e+06); Du: 0(6.74372e-05) 657.9s
     128644    -2.6572066916e+01 Pr: 46984(2.36124e+06); Du: 0(7.26403e-05) 664.3s
     129506    -2.6572341515e+01 Pr: 47376(7.69671e+06); Du: 0(6.96953e-05) 670.5s
     130424    -2.6598831674e+01 Pr: 47189(2.85952e+06); Du: 0(6.76175e-05) 677.2s
     131410    -2.6625587352e+01 Pr: 46920(2.54202e+06); Du: 0(7.17673e-05) 684.4s
     132294    -2.6607588914e+01 Pr: 47224(1.04533e+07); Du: 0(6.55633e-05) 690.8s
     133157    -2.6614509531e+01 Pr: 47469(2.23001e+07); Du: 0(6.62018e-05) 697.1s
     134044    -2.6675341722e+01 Pr: 46592(3.98982e+06); Du: 0(6.95569e-05) 703.5s
     134899    -2.6653555579e+01 Pr: 46315(1.79284e+06); Du: 0(7.31069e-05) 709.8s
     135850    -2.6655078887e+01 Pr: 46549(3.95307e+06); Du: 0(7.42258e-05) 716.7s
     136800    -2.6655957558e+01 Pr: 46440(5.77323e+06); Du: 0(7.26644e-05) 723.6s
     137773    -2.6692825827e+01 Pr: 46228(2.78423e+06); Du: 0(7.33704e-05) 730.6s
     138700    -2.6668239463e+01 Pr: 46441(5.90871e+06); Du: 0(6.66333e-05) 737.4s
     139638    -2.6769595235e+01 Pr: 45994(1.77745e+06); Du: 0(7.07799e-05) 744.2s
     140551    -2.6774944256e+01 Pr: 46003(3.6252e+06); Du: 0(6.90701e-05) 751.0s
     141567    -2.6776801614e+01 Pr: 45586(787295); Du: 0(7.1406e-05) 758.4s
     142494    -2.6776402725e+01 Pr: 46416(1.15201e+07); Du: 0(7.4394e-05) 765.2s
     143365    -2.6779153315e+01 Pr: 46054(5.40893e+06); Du: 0(7.09104e-05) 771.7s
     144270    -2.6774057196e+01 Pr: 45532(2.36891e+06); Du: 0(6.72557e-05) 778.3s
     145190    -2.6775417443e+01 Pr: 46490(3.10671e+08); Du: 0(6.4932e-05) 785.1s
     146131    -2.6744922189e+01 Pr: 46563(7.97215e+07); Du: 0(6.89271e-05) 792.0s
     147001    -2.6750403019e+01 Pr: 45770(5.21738e+06); Du: 0(7.09822e-05) 798.5s
     147940    -2.6749340703e+01 Pr: 46407(9.53891e+07); Du: 0(6.79413e-05) 805.5s
     148632    -2.6756181461e+01 Pr: 45962(4.602e+07); Du: 0(7.17461e-05) 810.6s
     149619    -2.6755996944e+01 Pr: 45445(1.00007e+07); Du: 0(7.79499e-05) 818.0s
     150610    -2.6755859676e+01 Pr: 45167(4.96078e+06); Du: 0(7.87446e-05) 825.4s
     151497    -2.6753774516e+01 Pr: 44789(2.1728e+06); Du: 0(6.9683e-05) 832.0s
     152379    -2.6754809485e+01 Pr: 44481(1.33184e+06); Du: 0(7.36803e-05) 838.7s
     153253    -2.6767425115e+01 Pr: 44434(2.23475e+06); Du: 0(7.27396e-05) 845.2s
     154121    -2.6772079841e+01 Pr: 45324(2.0425e+07); Du: 0(7.42437e-05) 851.7s
     155115    -2.6784924311e+01 Pr: 44661(3.26554e+06); Du: 0(7.22954e-05) 859.2s
     155997    -2.6794087229e+01 Pr: 44491(2.11821e+06); Du: 0(6.81402e-05) 865.8s
     156903    -2.6754882322e+01 Pr: 44520(4.29814e+06); Du: 0(7.52929e-05) 872.6s
     157796    -2.6755449026e+01 Pr: 44162(1.15324e+06); Du: 0(6.75799e-05) 879.4s
     158692    -2.6755567323e+01 Pr: 44731(6.56343e+06); Du: 0(6.93582e-05) 886.1s
     159637    -2.6789437879e+01 Pr: 44594(5.6167e+06); Du: 0(6.91682e-05) 893.2s
     160328    -2.6788831644e+01 Pr: 44140(1.93926e+06); Du: 0(7.37258e-05) 898.4s
     161256    -2.6760343265e+01 Pr: 44343(1.65114e+06); Du: 0(6.8129e-05) 905.4s
     162186    -2.6764777282e+01 Pr: 44254(1.72408e+06); Du: 0(6.96751e-05) 912.4s
     163055    -2.6757877710e+01 Pr: 44195(1.96657e+06); Du: 0(7.21712e-05) 919.0s
     163938    -2.6755736352e+01 Pr: 44452(4.40826e+06); Du: 0(7.63156e-05) 925.7s
     164903    -2.6753787335e+01 Pr: 44437(1.3139e+07); Du: 0(6.52828e-05) 933.0s
     165811    -2.6746275254e+01 Pr: 44251(2.82533e+06); Du: 0(6.80938e-05) 939.8s
     166714    -2.6751145803e+01 Pr: 43740(1.11923e+06); Du: 0(7.00318e-05) 946.6s
     167651    -2.6758085335e+01 Pr: 44045(4.0976e+06); Du: 0(6.62958e-05) 953.8s
     168334    -2.6763224240e+01 Pr: 44472(1.88612e+07); Du: 0(6.21066e-05) 959.0s
     169001    -2.6750523553e+01 Pr: 43953(2.35732e+06); Du: 0(6.31639e-05) 964.1s
     169973    -2.6750251428e+01 Pr: 43542(949164); Du: 0(6.46718e-05) 971.5s
     170651    -2.6749535539e+01 Pr: 43721(8.32431e+06); Du: 0(7.53515e-05) 976.7s
     171614    -2.6749504664e+01 Pr: 43955(8.32286e+06); Du: 0(6.48649e-05) 984.1s
     172522    -2.6806124472e+01 Pr: 43437(2.63651e+06); Du: 0(6.84657e-05) 991.1s
     173456    -2.6797146004e+01 Pr: 43371(2.73849e+06); Du: 0(6.62124e-05) 998.2s
     174334    -2.6818410907e+01 Pr: 43418(4.26554e+06); Du: 0(6.28075e-05) 1005.0s
     181045    -2.6744803475e+01 Pr: 42427(1.92821e+06); Du: 0(6.6191e-05) 1055.4s
     187734    -2.6837905719e+01 Pr: 41736(594093); Du: 0(6.33663e-05) 1107.6s
     194325    -2.6826850616e+01 Pr: 41761(1.40727e+06); Du: 0(5.99565e-05) 1158.6s
     200739    -2.6902792998e+01 Pr: 40672(456969); Du: 0(5.86598e-05) 1209.3s
     207350    -2.6908433086e+01 Pr: 40627(450004); Du: 0(6.54251e-05) 1260.6s
     213786    -2.6920020806e+01 Pr: 39589(411280); Du: 0(6.51768e-05) 1311.7s
     220435    -2.6906816579e+01 Pr: 39199(781318); Du: 0(6.42916e-05) 1363.0s
     226989    -2.6863310889e+01 Pr: 38295(878483); Du: 0(5.64663e-05) 1414.2s
     233394    -2.6849276309e+01 Pr: 37102(535194); Du: 0(6.00118e-05) 1465.6s
     239831    -2.6857167310e+01 Pr: 36977(685107); Du: 0(5.71072e-05) 1516.3s
     246369    -2.6826435171e+01 Pr: 36723(2.87895e+06); Du: 0(5.45125e-05) 1566.4s
     253125    -2.6891227406e+01 Pr: 34975(178329); Du: 0(6.25156e-05) 1617.6s
     259581    -2.6871956063e+01 Pr: 33800(115391); Du: 0(5.80317e-05) 1670.0s
     265810    -2.6877356720e+01 Pr: 33252(59306); Du: 0(6.16109e-05) 1720.9s
     272118    -2.6879775457e+01 Pr: 33292(193643); Du: 0(5.78176e-05) 1772.6s
     278420    -2.6909655687e+01 Pr: 32312(53822.6); Du: 0(5.52249e-05) 1824.4s
     284625    -2.6906810886e+01 Pr: 31804(74976.3); Du: 0(5.37679e-05) 1874.7s
     291118    -2.6846466848e+01 Pr: 31044(139497); Du: 0(5.30865e-05) 1926.4s
     297540    -2.6848293508e+01 Pr: 29935(83438.7); Du: 0(5.25249e-05) 1976.9s
     304366    -2.6847555520e+01 Pr: 27871(7865.55); Du: 0(5.51698e-05) 2029.2s
     310967    -2.6845800809e+01 Pr: 27077(26239.1); Du: 0(5.31463e-05) 2079.8s
     318516    -2.6846615581e+01 Pr: 24504(4197.27); Du: 0(5.49953e-05) 2130.9s
     326726    -2.6891985314e+01 Pr: 21693(7817.34); Du: 0(5.18814e-05) 2182.9s
     333640    -2.6892080581e+01 Pr: 19159(666.785); Du: 0(5.44499e-05) 2235.2s
     344453    -2.6921553492e+01 Pr: 14077(877.444); Du: 0(6.29907e-05) 2286.2s
     362429    -1.0000000000e+00 Pr: 0(0) 2308.9s
Using dual simplex solver
  Iteration        Objective     Infeasibilities num(sum)
     362429    -1.0000000000e+00 Pr: 103(1.79656e-05) 2308.9s
     362556    -1.0000000000e+00 Pr: 0(0) 2309.0s

Performed postsolve
Solving the original LP from the solution after postsolve
Using dual simplex solver
  Iteration        Objective     Infeasibilities num(sum)
     362556     1.0000000000e+00 Pr: 683(0.000599062) 2313.5s
     363262     1.0000000000e+00 Pr: 0(0) 2314.5s
Using dual simplex solver
  Iteration        Objective     Infeasibilities num(sum)
     363262     1.0000000000e+00 Pr: 69(1.60799e-05) 2315.1s
     363380     1.0000000000e+00 Pr: 0(0) 2315.5s
Required 824 simplex iterations after postsolve

Model status        : Optimal
Simplex   iterations: 363380
Objective value     :  1.0000000000e+00
P-D objective error :  0.0000000000e+00
HiGHS run time      :       2315.69
