Running HiGHS 1.14.0 (git hash: 7df0786): Copyright (c) 2026 under MIT licence terms
Rows:     1071757 lower bounds    less than or equal to       -1e+20 are treated as -Infinity
Rows:      491204 upper bounds greater than or equal to        1e+20 are treated as +Infinity
LP has 2481676 rows; 1084341 cols; 7635306 nonzeros
Coefficient ranges:
  Matrix  [1e-06, 2e+05]
  Cost    [1e+00, 1e+00]
  Bound   [6e-09, 1e+06]
  RHS     [0e+00, 0e+00]
WARNING: Problem has some excessively small column bounds
Presolving model
808296 rows, 454762 cols, 2801724 nonzeros 7s
161589 rows, 378088 cols, 1876950 nonzeros 11s
Dependent equations search running on 143721 equations with time limit of 864.00s
Dependent equations search removed 627 rows and 6343 nonzeros in 0.14s (limit = 864.00s)
143951 rows, 337836 cols, 1697051 nonzeros 18s
Presolve reductions: rows 143951(-2337725); columns 337836(-746505); nonzeros 1697051(-5938255) 
Solving the presolved LP
Using dual simplex solver
  Iteration        Objective     Infeasibilities num(sum)
          0    -1.2301942846e+02 Pr: 100713(1.85034e+09) 19.2s
      14363    -2.5428004853e+01 Pr: 96061(1.16959e+07); Du: 0(0.000179864) 25.3s
      17022    -2.5602960083e+01 Pr: 96065(4.32063e+07); Du: 0(0.000142969) 30.6s
      19886    -2.5592477509e+01 Pr: 94926(1.80347e+07); Du: 0(0.000156357) 36.1s
      21901    -2.5615892444e+01 Pr: 94926(2.57735e+07); Du: 0(0.000150605) 42.3s
      23775    -2.5610970665e+01 Pr: 94763(2.0215e+07); Du: 0(0.0001541) 48.0s
      25310    -2.5610429121e+01 Pr: 94666(2.79035e+07); Du: 0(0.000137617) 53.1s
      26976    -2.5630896509e+01 Pr: 94351(3.02714e+07); Du: 0(0.00013663) 59.0s
      28452    -2.5629459548e+01 Pr: 93346(1.24034e+07); Du: 0(0.000134982) 64.5s
      29853    -2.5632092942e+01 Pr: 93579(6.78805e+07); Du: 0(0.000130618) 69.8s
      31369    -2.5628785871e+01 Pr: 93145(8.90868e+07); Du: 0(0.000132964) 75.6s
      32890    -2.5630852705e+01 Pr: 92847(8.71886e+07); Du: 0(0.000142215) 81.8s
      34298    -2.5634453264e+01 Pr: 92597(5.95088e+07); Du: 0(0.00012158) 88.0s
      35552    -2.5665845781e+01 Pr: 92259(1.53554e+07); Du: 0(0.000124931) 93.7s
      36979    -2.5675884016e+01 Pr: 92070(9.05568e+06); Du: 0(0.000144883) 99.5s
      38277    -2.5693572212e+01 Pr: 92086(9.5144e+07); Du: 0(0.000138858) 105.6s
      39318    -2.5678510671e+01 Pr: 92842(4.96255e+08); Du: 0(0.000128005) 110.8s
      40660    -2.5802771041e+01 Pr: 91956(6.63855e+07); Du: 0(0.00011364) 117.1s
      41831    -2.5800986367e+01 Pr: 92171(8.05855e+07); Du: 0(0.000121361) 122.4s
      42921    -2.5763478623e+01 Pr: 91914(5.45337e+07); Du: 0(0.000115346) 127.7s
      44150    -2.5781845963e+01 Pr: 91756(3.8164e+07); Du: 0(0.000121748) 133.8s
      45365    -2.5785385258e+01 Pr: 91234(3.40118e+07); Du: 0(0.000127084) 140.0s
      46361    -2.5860593004e+01 Pr: 91161(6.34252e+07); Du: 0(0.000116328) 145.1s
      47307    -2.5857091188e+01 Pr: 90686(4.3114e+07); Du: 0(0.00012601) 150.1s
      48371    -2.5855145529e+01 Pr: 90413(3.3505e+07); Du: 0(0.000117933) 155.7s
      49369    -2.5894907621e+01 Pr: 90430(2.05755e+07); Du: 0(0.00011046) 161.1s
      50343    -2.5893868086e+01 Pr: 90318(4.20739e+07); Du: 0(0.000114096) 166.4s
      51456    -2.5888892719e+01 Pr: 90769(4.24852e+07); Du: 0(0.000112018) 173.0s
      52464    -2.5870082712e+01 Pr: 91394(3.93115e+08); Du: 0(0.000111817) 179.0s
      53342    -2.5889747769e+01 Pr: 90302(2.21469e+07); Du: 0(0.000106164) 184.2s
      54288    -2.5885031667e+01 Pr: 89849(5.12557e+07); Du: 0(9.4983e-05) 189.7s
      55159    -2.5900944244e+01 Pr: 90323(8.9274e+07); Du: 0(0.000104831) 195.2s
      56225    -2.5901327588e+01 Pr: 89806(2.78922e+07); Du: 0(0.000113262) 202.0s
      57119    -2.5863110762e+01 Pr: 89958(6.77702e+07); Du: 0(0.000111349) 207.8s
      57958    -2.5928190609e+01 Pr: 89611(7.0455e+07); Du: 0(0.000114535) 213.7s
      58937    -2.5926013235e+01 Pr: 89705(1.1343e+08); Du: 0(0.000104107) 220.3s
      59802    -2.5882150352e+01 Pr: 89271(3.20897e+07); Du: 0(0.000115781) 226.2s
      60724    -2.5909532828e+01 Pr: 90044(1.70017e+08); Du: 0(0.000105799) 232.5s
      61662    -2.5869992517e+01 Pr: 90033(1.61498e+08); Du: 0(0.000102091) 239.1s
      62544    -2.5866275022e+01 Pr: 89904(6.12437e+07); Du: 0(0.000118015) 244.8s
      63374    -2.5862067313e+01 Pr: 89839(6.65882e+07); Du: 0(0.000111261) 250.9s
      64306    -2.5858062410e+01 Pr: 89832(2.5113e+08); Du: 0(0.000101846) 257.7s
      65156    -2.5898701875e+01 Pr: 89664(1.30179e+08); Du: 0(0.000103183) 263.9s
      65979    -2.5900723984e+01 Pr: 90020(2.4393e+08); Du: 0(0.000101931) 270.1s
      66833    -2.5789152381e+01 Pr: 89687(3.39388e+08); Du: 0(9.23061e-05) 276.4s
      67685    -2.5857299793e+01 Pr: 89473(1.5463e+08); Du: 0(9.29402e-05) 282.7s
      68546    -2.5854818724e+01 Pr: 89452(1.07661e+08); Du: 0(8.4419e-05) 289.1s
      69382    -2.5733534879e+01 Pr: 90548(2.03116e+10); Du: 0(9.60241e-05) 295.4s
      70256    -2.5724485780e+01 Pr: 90305(8.38999e+09); Du: 0(8.58666e-05) 302.1s
      73127    -2.5237828883e+01 Pr: 88004(1.44764e+09); Du: 0(8.51075e-05) 308.5s
      73793    -2.5237095729e+01 Pr: 87992(1.82912e+09); Du: 0(8.18889e-05) 313.8s
      74656    -2.5261478517e+01 Pr: 86577(6.29101e+07); Du: 0(9.3772e-05) 320.7s
      75481    -2.5240137287e+01 Pr: 86212(1.59986e+07); Du: 0(8.49414e-05) 327.4s
      76248    -2.5334190937e+01 Pr: 86312(1.99008e+07); Du: 0(8.49196e-05) 333.7s
      77057    -2.5326740201e+01 Pr: 86028(1.67249e+07); Du: 0(8.84599e-05) 340.1s
      77892    -2.5328684288e+01 Pr: 86023(1.23529e+07); Du: 0(8.62098e-05) 346.6s
      78694    -2.5321641146e+01 Pr: 85909(1.02402e+07); Du: 0(9.42045e-05) 353.0s
      79551    -2.5324596159e+01 Pr: 85986(1.25828e+07); Du: 0(8.37813e-05) 359.8s
      80313    -2.5316152781e+01 Pr: 85597(1.73163e+07); Du: 0(8.36499e-05) 366.0s
      81107    -2.5277626437e+01 Pr: 85599(2.37383e+07); Du: 0(7.89765e-05) 372.4s
      81872    -2.5302018577e+01 Pr: 85113(3.08188e+07); Du: 0(7.80119e-05) 378.7s
      82531    -2.5311943544e+01 Pr: 84883(4.35248e+07); Du: 0(7.57797e-05) 384.0s
      83273    -2.5295114603e+01 Pr: 85168(1.1271e+07); Du: 0(8.74382e-05) 390.3s
      84127    -2.5287395727e+01 Pr: 85040(3.57353e+07); Du: 0(8.59288e-05) 397.4s
      84904    -2.5286291965e+01 Pr: 87075(4.66981e+09); Du: 0(8.52847e-05) 404.0s
      85698    -2.5289681995e+01 Pr: 85012(4.80971e+06); Du: 0(8.40303e-05) 410.8s
      86307    -2.5290473056e+01 Pr: 85179(3.07729e+07); Du: 0(7.7265e-05) 415.9s
      87154    -2.5289805279e+01 Pr: 85429(8.32709e+07); Du: 0(7.59385e-05) 422.9s
      87916    -2.5237265191e+01 Pr: 84924(5.70065e+07); Du: 0(9.00999e-05) 429.4s
      88502    -2.5242316896e+01 Pr: 84258(8.32648e+06); Du: 0(9.02737e-05) 434.5s
      89153    -2.5238790039e+01 Pr: 83978(4.767e+06); Du: 0(9.20816e-05) 439.8s
      89825    -2.5238826589e+01 Pr: 84448(6.58655e+06); Du: 0(9.33368e-05) 445.4s
      90630    -2.5238725494e+01 Pr: 83957(4.70632e+06); Du: 0(8.8721e-05) 451.9s
      91279    -2.5239067355e+01 Pr: 84050(9.28942e+06); Du: 0(9.80748e-05) 457.4s
      91877    -2.5239493838e+01 Pr: 84233(7.44546e+06); Du: 0(9.18096e-05) 462.7s
      92485    -2.5239418985e+01 Pr: 84233(8.94526e+06); Du: 0(9.39251e-05) 467.9s
      93070    -2.5236864139e+01 Pr: 83666(2.83576e+06); Du: 0(9.00447e-05) 473.1s
      93669    -2.5243667902e+01 Pr: 84161(1.38289e+07); Du: 0(9.51515e-05) 478.4s
      94316    -2.5244499281e+01 Pr: 83883(1.09156e+07); Du: 0(9.94012e-05) 484.2s
      94912    -2.5263113236e+01 Pr: 84989(7.50524e+07); Du: 0(9.18221e-05) 489.6s
      95502    -2.5258265087e+01 Pr: 83913(6.037e+06); Du: 0(9.38253e-05) 494.7s
      96082    -2.5326220279e+01 Pr: 83661(4.57052e+06); Du: 0(9.18793e-05) 499.9s
      96679    -2.5326421946e+01 Pr: 84107(9.52722e+06); Du: 0(9.09766e-05) 505.1s
      97284    -2.5264137600e+01 Pr: 83696(4.85681e+06); Du: 0(8.92923e-05) 510.6s
      97880    -2.5270646494e+01 Pr: 83568(4.88319e+06); Du: 0(9.86787e-05) 515.8s
      98470    -2.5277049302e+01 Pr: 84377(8.74404e+07); Du: 0(8.91902e-05) 521.2s
      99035    -2.5280646213e+01 Pr: 83387(5.81753e+06); Du: 0(9.93737e-05) 526.3s
      99640    -2.5280616556e+01 Pr: 85052(3.63057e+08); Du: 0(9.52918e-05) 531.7s
     100204    -2.5280105338e+01 Pr: 84482(7.7354e+07); Du: 0(9.15435e-05) 536.9s
     100905    -2.5278463054e+01 Pr: 83174(6.46334e+06); Du: 0(8.43071e-05) 543.2s
     101480    -2.5278354934e+01 Pr: 82627(3.81879e+06); Du: 0(9.04198e-05) 548.5s
     102179    -2.5277972219e+01 Pr: 82888(1.54875e+07); Du: 0(8.02088e-05) 555.1s
     102751    -2.5298371022e+01 Pr: 82764(4.97445e+06); Du: 0(8.46973e-05) 560.6s
     103276    -2.5298238351e+01 Pr: 82590(3.41145e+06); Du: 0(9.12885e-05) 565.6s
     103835    -2.5300476876e+01 Pr: 82568(7.49469e+06); Du: 0(8.99353e-05) 571.0s
     104494    -2.5301068041e+01 Pr: 82390(3.41929e+06); Du: 0(8.57933e-05) 577.3s
     105099    -2.5350830308e+01 Pr: 83137(3.57696e+07); Du: 0(9.13643e-05) 583.0s
     105732    -2.5364078096e+01 Pr: 82800(2.12502e+07); Du: 0(8.46471e-05) 589.0s
     106695    -2.5363745204e+01 Pr: 82289(5.33416e+06); Du: 0(8.18232e-05) 597.4s
     107330    -2.5368959913e+01 Pr: 82330(1.20237e+07); Du: 0(8.60359e-05) 603.2s
     108152    -2.5368734051e+01 Pr: 82003(6.72349e+06); Du: 0(8.2858e-05) 611.0s
     108719    -2.5341931801e+01 Pr: 81796(1.53514e+07); Du: 0(7.86524e-05) 616.3s
     109292    -2.5362434909e+01 Pr: 81720(8.63077e+06); Du: 0(7.69026e-05) 621.8s
     109948    -2.5362072330e+01 Pr: 81105(3.35113e+06); Du: 0(8.55606e-05) 628.2s
     110559    -2.5362256664e+01 Pr: 82161(4.04226e+07); Du: 0(7.99313e-05) 634.1s
     111184    -2.5362332511e+01 Pr: 81299(7.76613e+06); Du: 0(7.40494e-05) 640.2s
     111790    -2.5362138552e+01 Pr: 81199(7.75343e+06); Du: 0(8.90263e-05) 646.0s
     112394    -2.5361834359e+01 Pr: 82344(9.80363e+07); Du: 0(8.16553e-05) 651.8s
     112959    -2.5377554685e+01 Pr: 81131(8.82243e+06); Du: 0(8.77534e-05) 657.3s
     113540    -2.5421040182e+01 Pr: 81249(7.89675e+06); Du: 0(8.83167e-05) 663.1s
     114171    -2.5413589816e+01 Pr: 82552(1.15882e+08); Du: 0(8.43652e-05) 669.3s
     114724    -2.5412003404e+01 Pr: 81277(7.85568e+06); Du: 0(9.05411e-05) 674.7s
     115312    -2.5411290935e+01 Pr: 81569(1.98553e+07); Du: 0(8.61355e-05) 680.4s
     115902    -2.5411922156e+01 Pr: 81209(6.90982e+06); Du: 0(8.4487e-05) 686.3s
     116466    -2.5411534717e+01 Pr: 80707(2.0091e+06); Du: 0(9.05755e-05) 691.5s
     117024    -2.5411723026e+01 Pr: 80685(5.0811e+06); Du: 0(9.11868e-05) 697.0s
     117651    -2.5412316013e+01 Pr: 80330(2.09403e+06); Du: 0(9.06902e-05) 703.2s
     118233    -2.5346670191e+01 Pr: 80478(2.98187e+06); Du: 0(9.46147e-05) 709.0s
     118813    -2.5345384499e+01 Pr: 80784(5.5163e+06); Du: 0(0.000106365) 714.8s
     119376    -2.5345138394e+01 Pr: 80780(4.27829e+06); Du: 0(0.000111594) 720.5s
     120039    -2.5348329570e+01 Pr: 80652(6.77871e+06); Du: 0(0.000109223) 726.5s
     120711    -2.5347636468e+01 Pr: 80804(6.70242e+06); Du: 0(0.000104347) 733.3s
     121392    -2.5347821153e+01 Pr: 80911(9.88794e+06); Du: 0(8.6671e-05) 740.0s
     122007    -2.5348344724e+01 Pr: 80070(3.43452e+06); Du: 0(8.42784e-05) 746.1s
     122586    -2.5347989183e+01 Pr: 80430(3.86789e+06); Du: 0(8.5073e-05) 751.9s
     123214    -2.5348856066e+01 Pr: 81920(1.55135e+08); Du: 0(7.96168e-05) 758.0s
     123781    -2.5349865180e+01 Pr: 81055(1.17423e+07); Du: 0(7.69352e-05) 763.8s
     124339    -2.5366432342e+01 Pr: 80573(9.03816e+06); Du: 0(8.14413e-05) 769.5s
     124906    -2.5374076074e+01 Pr: 80213(6.72635e+06); Du: 0(9.62972e-05) 775.3s
     125528    -2.5415381359e+01 Pr: 80279(6.37452e+06); Du: 0(9.69209e-05) 781.7s
     126135    -2.5383670265e+01 Pr: 80059(3.76271e+06); Du: 0(9.71199e-05) 787.9s
     126717    -2.5382735461e+01 Pr: 80418(1.53292e+07); Du: 0(9.61768e-05) 793.9s
     127322    -2.5410078953e+01 Pr: 80646(3.0848e+07); Du: 0(8.78615e-05) 800.1s
     127903    -2.5406541009e+01 Pr: 79884(6.5166e+06); Du: 0(8.56748e-05) 806.1s
     128466    -2.5405926650e+01 Pr: 79657(4.10296e+06); Du: 0(9.56148e-05) 811.9s
     129026    -2.5404548281e+01 Pr: 79414(4.26596e+06); Du: 0(9.98103e-05) 817.6s
     129617    -2.5405263003e+01 Pr: 79116(3.27617e+06); Du: 0(9.40997e-05) 823.7s
     130173    -2.5405079530e+01 Pr: 79101(7.3014e+06); Du: 0(9.97824e-05) 829.3s
     130771    -2.5408511334e+01 Pr: 79303(5.96892e+06); Du: 0(9.10536e-05) 835.3s
     131350    -2.5407769973e+01 Pr: 79600(8.63916e+06); Du: 0(8.83241e-05) 841.3s
     131907    -2.5405582780e+01 Pr: 80060(6.12669e+07); Du: 0(9.08297e-05) 847.0s
     132556    -2.5390850144e+01 Pr: 79752(2.73346e+07); Du: 0(9.13043e-05) 853.9s
     133157    -2.5391048001e+01 Pr: 79079(9.38437e+06); Du: 0(9.86055e-05) 860.1s
     133756    -2.5392869404e+01 Pr: 79595(2.30788e+07); Du: 0(0.00010015) 866.4s
     134365    -2.5393274656e+01 Pr: 79428(1.97584e+07); Du: 0(9.11257e-05) 872.9s
     135072    -2.5392941618e+01 Pr: 79328(2.07818e+07); Du: 0(8.62623e-05) 880.2s
     135671    -2.5393144955e+01 Pr: 79530(2.98807e+07); Du: 0(8.00653e-05) 886.4s
     136308    -2.5394178952e+01 Pr: 79366(2.88716e+07); Du: 0(7.62799e-05) 893.0s
     136900    -2.5393126324e+01 Pr: 78444(7.74051e+06); Du: 0(7.99055e-05) 899.2s
     137468    -2.5393438840e+01 Pr: 78583(9.31185e+06); Du: 0(8.6036e-05) 905.2s
     138085    -2.5394719099e+01 Pr: 78077(5.79437e+06); Du: 0(8.52555e-05) 911.8s
     138667    -2.5396014539e+01 Pr: 78760(3.32006e+07); Du: 0(8.31724e-05) 917.9s
     139265    -2.5396209309e+01 Pr: 78133(5.38537e+06); Du: 0(7.85452e-05) 924.1s
     139890    -2.5395347487e+01 Pr: 78274(9.53174e+06); Du: 0(8.0195e-05) 930.8s
     140445    -2.5402571350e+01 Pr: 78220(9.81538e+06); Du: 0(8.05602e-05) 936.6s
     141033    -2.5400609813e+01 Pr: 78013(1.17314e+07); Du: 0(8.17844e-05) 942.9s
     141633    -2.5385127645e+01 Pr: 78391(1.46949e+07); Du: 0(8.74909e-05) 949.3s
     142238    -2.5385240697e+01 Pr: 78155(1.1948e+07); Du: 0(8.71607e-05) 955.7s
     142942    -2.5386094179e+01 Pr: 78220(2.42596e+07); Du: 0(7.81983e-05) 963.0s
     143502    -2.5329707468e+01 Pr: 77595(6.35706e+06); Du: 0(8.1093e-05) 968.9s
     144078    -2.5329856730e+01 Pr: 77860(3.4793e+07); Du: 0(7.72295e-05) 975.1s
     144656    -2.5329578839e+01 Pr: 77726(1.28441e+07); Du: 0(8.60544e-05) 981.3s
     145259    -2.5329881714e+01 Pr: 77548(8.74583e+06); Du: 0(8.94256e-05) 987.7s
     145810    -2.5329555893e+01 Pr: 77356(4.37693e+06); Du: 0(9.61325e-05) 993.7s
     146431    -2.5327657651e+01 Pr: 77301(1.12793e+07); Du: 0(9.27004e-05) 1000.4s
     151307    -2.5339339558e+01 Pr: 76592(4.12576e+06); Du: 0(8.78982e-05) 1053.4s
     156285    -2.5346814297e+01 Pr: 76120(6.81957e+06); Du: 0(8.595e-05) 1106.7s
     160974    -2.5379265651e+01 Pr: 75386(4.60987e+06); Du: 0(9.23372e-05) 1158.8s
     165642    -2.5407629304e+01 Pr: 75252(1.62047e+07); Du: 0(8.1781e-05) 1210.6s
     170404    -2.5407961153e+01 Pr: 73454(1.22715e+06); Du: 0(8.64677e-05) 1263.1s
     174994    -2.5410190109e+01 Pr: 73692(9.35545e+06); Du: 0(0.000103671) 1314.3s
     179788    -2.5408259522e+01 Pr: 73092(5.36651e+06); Du: 0(9.17939e-05) 1366.2s
     184234    -2.5410907282e+01 Pr: 72015(4.21047e+06); Du: 0(8.40325e-05) 1416.7s
     188778    -2.5493875326e+01 Pr: 72103(2.93614e+06); Du: 0(8.12904e-05) 1468.7s
     193376    -2.5494150417e+01 Pr: 71676(4.00352e+06); Du: 0(9.71166e-05) 1522.0s
     197778    -2.5491264897e+01 Pr: 72513(6.63147e+07); Du: 0(8.33351e-05) 1572.2s
     202374    -2.5458592079e+01 Pr: 70978(7.04318e+06); Du: 0(8.77865e-05) 1625.7s
     206980    -2.5448705356e+01 Pr: 69670(1.47392e+06); Du: 0(9.23434e-05) 1677.7s
     211489    -2.5491005075e+01 Pr: 70240(3.37306e+06); Du: 0(9.26175e-05) 1730.4s
     216038    -2.5495460617e+01 Pr: 69752(1.79171e+07); Du: 0(8.7672e-05) 1781.6s
     220552    -2.5611893975e+01 Pr: 67821(828059); Du: 0(9.30707e-05) 1833.1s
     225078    -2.5591057313e+01 Pr: 67709(4.55219e+06); Du: 0(8.44746e-05) 1887.0s
     229439    -2.5588856574e+01 Pr: 66673(1.0322e+06); Du: 0(8.79642e-05) 1939.1s
     233836    -2.5636754919e+01 Pr: 68605(1.69701e+08); Du: 0(9.0412e-05) 1991.9s
     238058    -2.5624575016e+01 Pr: 66613(2.33067e+06); Du: 0(9.12373e-05) 2042.4s
     242196    -2.5619005220e+01 Pr: 67291(2.63668e+07); Du: 0(8.10104e-05) 2092.4s
     246574    -2.5616421892e+01 Pr: 65351(1.13117e+06); Du: 0(9.21597e-05) 2145.4s
     250983    -2.5620644565e+01 Pr: 65906(3.82361e+06); Du: 0(8.84967e-05) 2198.8s
     255385    -2.5640898804e+01 Pr: 64739(613238); Du: 0(8.58428e-05) 2251.8s
     259841    -2.5640977841e+01 Pr: 64369(568930); Du: 0(8.65567e-05) 2305.3s
     264276    -2.5611819292e+01 Pr: 65047(2.50137e+06); Du: 0(8.30429e-05) 2355.4s
     268513    -2.5598188931e+01 Pr: 64081(6.58911e+06); Du: 0(8.29929e-05) 2405.5s
     272825    -2.5593816256e+01 Pr: 63660(850296); Du: 0(8.33884e-05) 2458.4s
     277065    -2.5576578216e+01 Pr: 63083(1.52593e+06); Du: 0(7.32328e-05) 2510.4s
     281203    -2.5636710663e+01 Pr: 63081(1.58207e+06); Du: 0(7.74229e-05) 2561.2s
     285413    -2.5646537820e+01 Pr: 62667(892828); Du: 0(8.60439e-05) 2612.9s
     289577    -2.5644565921e+01 Pr: 61812(295324); Du: 0(7.64996e-05) 2664.3s
     293839    -2.5652973525e+01 Pr: 62050(359730); Du: 0(7.99878e-05) 2717.2s
     298040    -2.5654748221e+01 Pr: 61375(258388); Du: 0(7.79828e-05) 2769.6s
     302172    -2.5699688576e+01 Pr: 62472(3.99755e+06); Du: 0(7.34071e-05) 2821.5s
     306446    -2.5712579080e+01 Pr: 61048(891593); Du: 0(7.27389e-05) 2873.9s
     311161    -2.5713201330e+01 Pr: 61722(3.98971e+06); Du: 0(6.49916e-05) 2924.1s
     315006    -2.5715212170e+01 Pr: 59822(643886); Du: 0(6.78263e-05) 2975.2s
     318969    -2.5701551273e+01 Pr: 58454(139297); Du: 0(6.74275e-05) 3027.8s
     322855    -2.5696535853e+01 Pr: 58578(276282); Du: 0(7.24328e-05) 3079.3s
     326987    -2.5691698681e+01 Pr: 57779(293802); Du: 0(7.6293e-05) 3131.8s
     331230    -2.5700367631e+01 Pr: 58058(305661); Du: 0(7.11826e-05) 3185.6s
     335389    -2.5656292193e+01 Pr: 57020(183606); Du: 0(7.40147e-05) 3238.9s
     339338    -2.5664530418e+01 Pr: 57123(496736); Du: 0(6.46257e-05) 3292.7s
     343196    -2.5664774799e+01 Pr: 56480(333681); Du: 0(6.35439e-05) 3344.8s
     347028    -2.5587354465e+01 Pr: 55271(82082.9); Du: 0(7.5608e-05) 3396.2s
     350756    -2.5587138779e+01 Pr: 55604(237726); Du: 0(6.45716e-05) 3446.6s
     354691    -2.5577264273e+01 Pr: 55343(1.02402e+06); Du: 0(6.99676e-05) 3499.4s
     358895    -2.5632209134e+01 Pr: 54852(237860); Du: 0(6.72544e-05) 3553.3s
     363162    -2.5636631009e+01 Pr: 55273(377147); Du: 0(6.40499e-05) 3607.2s
     367080    -2.5636988477e+01 Pr: 54924(208698); Du: 0(7.05301e-05) 3657.6s
     370990    -2.5637779554e+01 Pr: 53733(111246); Du: 0(6.90669e-05) 3708.1s
     375046    -2.5636319987e+01 Pr: 54141(171560); Du: 0(6.67376e-05) 3761.3s
     378942    -2.5637017424e+01 Pr: 53740(344008); Du: 0(6.79791e-05) 3814.8s
     382941    -2.5632564573e+01 Pr: 54181(225238); Du: 0(6.88015e-05) 3868.8s
     387073    -2.5610253223e+01 Pr: 53594(243736); Du: 0(6.28622e-05) 3922.8s
     391133    -2.5723547481e+01 Pr: 52649(124959); Du: 0(6.90567e-05) 3974.8s
     395060    -2.5723420521e+01 Pr: 52868(137454); Du: 0(6.56539e-05) 4025.3s
     399284    -2.5723353741e+01 Pr: 51723(38303.8); Du: 0(6.57271e-05) 4079.2s
     403210    -2.5702082433e+01 Pr: 52235(237708); Du: 0(6.69826e-05) 4129.2s
     407141    -2.5706326233e+01 Pr: 51654(75755.2); Du: 0(6.11922e-05) 4179.4s
     412093    -2.5703528977e+01 Pr: 51530(195944); Du: 0(6.35894e-05) 4232.8s
     415996    -2.5707232837e+01 Pr: 51041(127242); Du: 0(6.11745e-05) 4283.9s
     419922    -2.5710946446e+01 Pr: 49192(19776.6); Du: 0(6.48533e-05) 4337.5s
     424721    -2.5703900974e+01 Pr: 50937(614929); Du: 0(6.41627e-05) 4390.5s
     428756    -2.5701394625e+01 Pr: 48971(22234.3); Du: 0(6.01824e-05) 4443.1s
     432725    -2.5704104798e+01 Pr: 49366(65124.2); Du: 0(6.11331e-05) 4494.3s
     436781    -2.5704250218e+01 Pr: 48017(19062); Du: 0(6.45558e-05) 4547.7s
     442306    -2.5703189181e+01 Pr: 46219(79844); Du: 0(7.22633e-05) 4599.3s
     446355    -2.5702372564e+01 Pr: 46288(250392); Du: 0(6.80111e-05) 4653.4s
     450414    -2.5703431781e+01 Pr: 45579(22641); Du: 0(6.35739e-05) 4707.7s
     454169    -2.5703582783e+01 Pr: 46314(119250); Du: 0(6.07907e-05) 4758.1s
     458804    -2.5699022876e+01 Pr: 44984(107200); Du: 0(6.42862e-05) 4810.5s
     462904    -2.5698931937e+01 Pr: 44053(36255.5); Du: 0(6.31835e-05) 4865.1s
     466717    -2.5698997189e+01 Pr: 45387(263543); Du: 0(6.00268e-05) 4915.7s
     471588    -2.5701651576e+01 Pr: 43516(165275); Du: 0(6.14547e-05) 4968.8s
     475389    -2.5697680536e+01 Pr: 41961(10674.8); Du: 0(6.22236e-05) 5018.9s
     480025    -2.5702181322e+01 Pr: 41013(4384.16); Du: 0(6.16772e-05) 5072.6s
     484130    -2.5702140724e+01 Pr: 40931(12274.7); Du: 0(6.5505e-05) 5126.4s
     490721    -2.5705766469e+01 Pr: 38558(37624.5); Du: 0(6.83784e-05) 5177.5s
     494524    -2.5739368905e+01 Pr: 38430(21570); Du: 0(6.53206e-05) 5228.5s
     498377    -2.5737735587e+01 Pr: 36613(3816.16); Du: 0(6.63183e-05) 5279.3s
     502763    -2.5740595599e+01 Pr: 35656(5672.87); Du: 0(7.44666e-05) 5333.0s
     510326    -2.5734861865e+01 Pr: 32200(2734.46); Du: 0(8.02504e-05) 5386.3s
     514206    -2.5734857512e+01 Pr: 32450(2028.54); Du: 0(6.83436e-05) 5437.9s
     518205    -2.5734868077e+01 Pr: 32289(4140.2); Du: 0(6.63496e-05) 5488.6s
     525503    -2.5734841686e+01 Pr: 27933(821.951); Du: 0(7.47846e-05) 5540.1s
     536920    -2.5741177711e+01 Pr: 19545(19.2448); Du: 0(9.73817e-05) 5590.5s
     563601    -1.0000000000e+00 Pr: 0(0) 5607.4s
Using dual simplex solver
  Iteration        Objective     Infeasibilities num(sum)
     563601    -1.0000000000e+00 Pr: 168(3.031e-05) 5607.5s
     563825    -1.0000000000e+00 Pr: 0(0) 5607.6s

Performed postsolve
Solving the original LP from the solution after postsolve
Using dual simplex solver
  Iteration        Objective     Infeasibilities num(sum)
     563825    -5.1997888246e+00 Pr: 1243(0.000854306); Du: 0(3.529e-05) 6559.5s
     565144     1.0000000000e+00 Pr: 0(0) 6607.5s
Using dual simplex solver
  Iteration        Objective     Infeasibilities num(sum)
     565144     1.0000000000e+00 Pr: 69(1.10879e-05) 6608.5s
     565253     1.0000000000e+00 Pr: 0(0) 6613.1s
Required 1428 simplex iterations after postsolve

Model status        : Optimal
Simplex   iterations: 565253
Objective value     :  1.0000000000e+00
P-D objective error :  0.0000000000e+00
HiGHS run time      :       6613.32
