Running HiGHS 1.14.0 (git hash: 7df0786): Copyright (c) 2026 under MIT licence terms
Rows:       70009 lower bounds    less than or equal to       -1e+20 are treated as -Infinity
Rows:       33591 upper bounds greater than or equal to        1e+20 are treated as +Infinity
LP has 160052 rows; 81094 cols; 493131 nonzeros
Coefficient ranges:
  Matrix  [1e-06, 2e+04]
  Cost    [1e+00, 1e+00]
  Bound   [6e-09, 1e+06]
  RHS     [0e+00, 0e+00]
WARNING: Problem has some excessively small column bounds
Presolving model
70831 rows, 44431 cols, 239190 nonzeros 0s
18538 rows, 40283 cols, 180748 nonzeros 0s
Dependent equations search running on 14609 equations with time limit of 864.00s
Dependent equations search removed 64 rows and 914 nonzeros in 0.00s (limit = 864.00s)
15439 rows, 35107 cols, 158972 nonzeros 1s
Presolve reductions: rows 15439(-144613); columns 35107(-45987); nonzeros 158972(-334159) 
Solving the presolved LP
Using dual simplex solver
  Iteration        Objective     Infeasibilities num(sum)
          0    -1.1622801590e+02 Pr: 11293(1.77274e+09) 1.2s
      13716    -2.6268288962e+01 Pr: 5672(6.84908e+06); Du: 0(2.04062e-05) 6.3s
      18503    -2.6197520019e+01 Pr: 5287(3.61081e+07); Du: 0(2.08707e-05) 11.3s
      23496    -2.5885457745e+01 Pr: 4467(1.22561e+07); Du: 0(1.90429e-05) 16.4s
      28031    -2.5954334753e+01 Pr: 3026(255157); Du: 0(2.10196e-05) 21.6s
      32765    -2.6301388128e+01 Pr: 2587(217511); Du: 0(2.03628e-05) 26.7s
      37721    -2.6637847482e+01 Pr: 1171(3401.21); Du: 0(2.05589e-05) 31.9s
      39307    -1.0000000000e+00 Pr: 0(0) 32.8s
Using dual simplex solver
  Iteration        Objective     Infeasibilities num(sum)
      39307    -1.0000000000e+00 Pr: 3(1.13154e-06) 32.8s
      39311    -1.0000000000e+00 Pr: 0(0) 32.8s

Performed postsolve
Solving the original LP from the solution after postsolve
Using dual simplex solver
  Iteration        Objective     Infeasibilities num(sum)
      39311     1.0000000000e+00 Pr: 1(1e-07) 33.0s
      39312     1.0000000000e+00 Pr: 0(0) 33.0s
Required 1 simplex iterations after postsolve

Model status        : Optimal
Simplex   iterations: 39312
Objective value     :  1.0000000000e+00
P-D objective error :  0.0000000000e+00
HiGHS run time      :         32.98
