Running HiGHS 1.14.0 (git hash: 7df0786): Copyright (c) 2026 under MIT licence terms
Rows:     1166531 lower bounds    less than or equal to       -1e+20 are treated as -Infinity
Rows:      532571 upper bounds greater than or equal to        1e+20 are treated as +Infinity
LP has 2702853 rows; 1179186 cols; 8318212 nonzeros
Coefficient ranges:
  Matrix  [1e-06, 2e+05]
  Cost    [1e+00, 1e+00]
  Bound   [6e-09, 1e+06]
  RHS     [0e+00, 0e+00]
WARNING: Problem has some excessively small column bounds
Presolving model
875670 rows, 491300 cols, 3032290 nonzeros 8s
175372 rows, 408145 cols, 2029426 nonzeros 12s
Dependent equations search running on 156084 equations with time limit of 864.00s
Dependent equations search removed 665 rows and 6632 nonzeros in 0.13s (limit = 864.00s)
156278 rows, 364660 cols, 1836148 nonzeros 20s
Presolve reductions: rows 156278(-2546575); columns 364660(-814526); nonzeros 1836148(-6482064) 
Solving the presolved LP
Using dual simplex solver
  Iteration        Objective     Infeasibilities num(sum)
          0    -1.2186421765e+02 Pr: 110378(1.86308e+09) 21.4s
      12421    -2.4035310129e+01 Pr: 106106(9.45884e+07); Du: 0(0.000143147) 26.9s
      15337    -2.4049900796e+01 Pr: 106190(4.17681e+07); Du: 0(0.000122542) 32.9s
      17464    -2.4040969262e+01 Pr: 105315(5.21556e+06); Du: 0(0.000144069) 38.3s
      20525    -2.4066215809e+01 Pr: 104618(2.05235e+07); Du: 0(0.000127869) 44.1s
      22332    -2.4068323855e+01 Pr: 104208(2.04322e+07); Du: 0(9.49722e-05) 49.7s
      23971    -2.4069253477e+01 Pr: 104023(1.14095e+07); Du: 0(0.000105595) 55.4s
      25479    -2.4092960718e+01 Pr: 104107(3.76426e+07); Du: 0(0.000142385) 60.7s
      27313    -2.4088460417e+01 Pr: 103289(2.31096e+07); Du: 0(0.000160644) 67.9s
      28620    -2.4098926950e+01 Pr: 103063(5.23558e+07); Du: 0(0.000156709) 73.5s
      30218    -2.4089799405e+01 Pr: 102729(4.4118e+07); Du: 0(0.000119852) 81.0s
      31220    -2.4098453608e+01 Pr: 102662(2.25582e+07); Du: 0(0.000110066) 86.1s
      32258    -2.4102149212e+01 Pr: 102592(3.6548e+07); Du: 0(0.000124834) 91.8s
      33350    -2.4120149966e+01 Pr: 102403(3.17666e+07); Du: 0(0.000106369) 97.8s
      34454    -2.4260761708e+01 Pr: 102226(2.46035e+07); Du: 0(9.27468e-05) 104.0s
      35449    -2.4258682405e+01 Pr: 102240(4.99145e+07); Du: 0(8.47266e-05) 109.8s
      36517    -2.4173780170e+01 Pr: 102128(1.64745e+08); Du: 0(9.52303e-05) 116.0s
      37484    -2.4123910683e+01 Pr: 102125(5.06228e+07); Du: 0(0.000102405) 121.7s
      38509    -2.4173000112e+01 Pr: 101837(1.76091e+07); Du: 0(0.000107388) 127.4s
      39566    -2.4173600188e+01 Pr: 101734(1.85055e+07); Du: 0(9.5844e-05) 133.8s
      40535    -2.4179341095e+01 Pr: 101877(3.20532e+07); Du: 0(8.23068e-05) 139.7s
      41563    -2.4198367823e+01 Pr: 101954(2.63905e+08); Du: 0(0.000109556) 145.1s
      42558    -2.4199117078e+01 Pr: 101766(5.11385e+07); Du: 0(8.42577e-05) 151.5s
      43562    -2.4232675291e+01 Pr: 101082(4.18794e+07); Du: 0(9.80695e-05) 158.0s
      44466    -2.4238265122e+01 Pr: 101197(1.40161e+08); Du: 0(0.000100918) 163.4s
      45548    -2.4274903976e+01 Pr: 101557(5.95235e+08); Du: 0(8.11239e-05) 170.0s
      46368    -2.4264032347e+01 Pr: 101594(4.9792e+08); Du: 0(7.42343e-05) 175.3s
      47183    -2.4309584876e+01 Pr: 100932(2.28868e+07); Du: 0(8.75375e-05) 180.5s
      48208    -2.4342744451e+01 Pr: 100856(5.77933e+07); Du: 0(9.0764e-05) 187.2s
      49192    -2.4343290483e+01 Pr: 100536(1.75725e+08); Du: 0(9.30793e-05) 193.8s
      50042    -2.4346749468e+01 Pr: 99920(3.89043e+07); Du: 0(9.06874e-05) 199.5s
      51004    -2.4308231992e+01 Pr: 101222(6.67093e+09); Du: 0(8.82766e-05) 206.1s
      51962    -2.4309526561e+01 Pr: 100989(3.98048e+09); Du: 0(9.26812e-05) 212.6s
      52735    -2.4295220146e+01 Pr: 101014(3.79064e+09); Du: 0(9.30474e-05) 218.1s
      53571    -2.4291129167e+01 Pr: 100686(2.88192e+09); Du: 0(9.25109e-05) 224.1s
      54449    -2.4289922156e+01 Pr: 100614(3.23235e+09); Du: 0(9.67683e-05) 230.5s
      55302    -2.4314042974e+01 Pr: 100500(3.34468e+09); Du: 0(9.70563e-05) 236.8s
      56176    -2.4344226843e+01 Pr: 100498(3.91647e+09); Du: 0(0.00010479) 243.3s
      57070    -2.4343637165e+01 Pr: 100150(3.24248e+09); Du: 0(9.19076e-05) 250.1s
      57944    -2.4329385810e+01 Pr: 99897(3.50332e+09); Du: 0(9.62294e-05) 256.7s
      58738    -2.4215688571e+01 Pr: 100188(2.51834e+10); Du: 0(9.36836e-05) 262.9s
      60106    -2.3759766049e+01 Pr: 98651(5.15988e+08); Du: 0(0.000108469) 268.7s
      61051    -2.3707040748e+01 Pr: 98401(4.16305e+08); Du: 0(0.000104327) 275.7s
      61884    -2.3709402288e+01 Pr: 98180(4.55822e+08); Du: 0(0.000117299) 282.2s
      62713    -2.3694425482e+01 Pr: 97810(2.72019e+08); Du: 0(0.000110611) 288.7s
      63535    -2.3908511838e+01 Pr: 97820(4.09842e+08); Du: 0(0.000105985) 295.5s
      64392    -2.3857672142e+01 Pr: 98127(5.02576e+08); Du: 0(0.000108505) 302.4s
      65075    -2.3840955868e+01 Pr: 96959(1.20733e+07); Du: 0(9.36278e-05) 307.9s
      65873    -2.3895961121e+01 Pr: 96902(1.08138e+07); Du: 0(9.15393e-05) 314.6s
      66742    -2.3956182034e+01 Pr: 97258(3.86072e+07); Du: 0(8.68666e-05) 322.0s
      67645    -2.3921876673e+01 Pr: 96550(1.61106e+07); Du: 0(0.000112728) 329.8s
      68479    -2.4022436851e+01 Pr: 96698(1.77579e+07); Du: 0(0.000113566) 337.2s
      69138    -2.4149168730e+01 Pr: 97079(1.06624e+08); Du: 0(0.000103789) 342.9s
      69891    -2.4037787559e+01 Pr: 96059(8.64784e+06); Du: 0(0.000106487) 349.5s
      70496    -2.4032631296e+01 Pr: 96393(2.51454e+07); Du: 0(0.000101331) 354.9s
      71131    -2.4034248969e+01 Pr: 95960(1.59532e+07); Du: 0(0.00010153) 360.7s
      71713    -2.4064460143e+01 Pr: 95772(9.31486e+06); Du: 0(0.000104409) 366.0s
      72518    -2.4174655648e+01 Pr: 97017(4.91348e+08); Du: 0(9.43003e-05) 373.5s
      73813    -2.4182675883e+01 Pr: 95796(9.70483e+07); Du: 0(9.34712e-05) 381.1s
      74552    -2.4189322919e+01 Pr: 95361(2.4318e+07); Du: 0(0.000104558) 388.1s
      75179    -2.4189891533e+01 Pr: 95102(3.45258e+07); Du: 0(9.74894e-05) 393.9s
      75803    -2.4170810028e+01 Pr: 95261(4.12932e+07); Du: 0(9.30675e-05) 399.9s
      76364    -2.4174112822e+01 Pr: 95085(1.41434e+07); Du: 0(9.92564e-05) 405.2s
      76931    -2.4208171950e+01 Pr: 95065(2.0795e+07); Du: 0(9.48383e-05) 410.7s
      77497    -2.4206329898e+01 Pr: 94678(3.61397e+07); Du: 0(9.41558e-05) 416.2s
      78128    -2.4205911074e+01 Pr: 94377(1.01981e+07); Du: 0(9.55435e-05) 422.1s
      78759    -2.4209572421e+01 Pr: 94633(2.85681e+07); Du: 0(9.35137e-05) 428.1s
      79313    -2.4209832588e+01 Pr: 94395(2.25802e+07); Du: 0(0.000110974) 433.6s
      79893    -2.4208997193e+01 Pr: 94384(1.7742e+07); Du: 0(0.000105087) 439.1s
      80441    -2.4206114183e+01 Pr: 94525(2.86371e+07); Du: 0(0.000103461) 444.3s
      80991    -2.4180818922e+01 Pr: 94163(1.28819e+07); Du: 0(9.98234e-05) 449.5s
      81798    -2.4271465660e+01 Pr: 94182(2.68144e+07); Du: 0(9.53396e-05) 457.2s
      82331    -2.4275523472e+01 Pr: 93886(2.4431e+07); Du: 0(9.54266e-05) 462.5s
      82902    -2.4275155935e+01 Pr: 94777(2.33944e+08); Du: 0(8.88117e-05) 468.0s
      83765    -2.4271903809e+01 Pr: 93074(3.88282e+06); Du: 0(9.78296e-05) 475.5s
      84407    -2.4304220259e+01 Pr: 94189(2.8968e+07); Du: 0(8.62004e-05) 481.6s
      85170    -2.4303100785e+01 Pr: 94414(2.30949e+08); Du: 0(8.36506e-05) 487.1s
      86278    -2.4287631874e+01 Pr: 93086(4.8862e+07); Du: 0(8.48313e-05) 494.0s
      86812    -2.4292889746e+01 Pr: 92444(5.24717e+06); Du: 0(9.12251e-05) 499.4s
      87423    -2.4274709377e+01 Pr: 92789(2.764e+07); Du: 0(8.85011e-05) 505.5s
      88002    -2.4274774602e+01 Pr: 92859(1.69741e+07); Du: 0(8.58304e-05) 511.3s
      88609    -2.4284658004e+01 Pr: 92127(5.13425e+06); Du: 0(8.8923e-05) 517.5s
      89187    -2.4284832697e+01 Pr: 92284(9.09588e+06); Du: 0(9.50388e-05) 523.2s
      89749    -2.4284157062e+01 Pr: 92118(1.01881e+07); Du: 0(0.000117324) 529.0s
      90374    -2.4264646255e+01 Pr: 92235(1.97046e+07); Du: 0(0.000109388) 535.3s
      90898    -2.4274522922e+01 Pr: 92062(7.36226e+06); Du: 0(0.000111939) 540.6s
      91438    -2.4280939822e+01 Pr: 91907(3.54757e+06); Du: 0(0.000109824) 545.9s
      92033    -2.4282201379e+01 Pr: 91298(1.02962e+06); Du: 0(0.000104313) 551.9s
      92699    -2.4282994112e+01 Pr: 92232(2.58887e+07); Du: 0(9.66719e-05) 558.6s
      93347    -2.4282540569e+01 Pr: 91994(1.8297e+07); Du: 0(8.53701e-05) 565.1s
      93925    -2.4281183905e+01 Pr: 91645(9.16271e+06); Du: 0(9.08126e-05) 571.0s
      94545    -2.4260250210e+01 Pr: 91223(4.81889e+06); Du: 0(9.07413e-05) 577.3s
      95083    -2.4273698357e+01 Pr: 91084(5.64568e+06); Du: 0(9.63775e-05) 583.0s
      95731    -2.4270879858e+01 Pr: 91169(1.30217e+07); Du: 0(9.51276e-05) 589.6s
      96321    -2.4271978153e+01 Pr: 90920(3.32841e+06); Du: 0(8.90021e-05) 595.7s
      96876    -2.4271447026e+01 Pr: 91109(6.13091e+06); Du: 0(9.21653e-05) 601.4s
      97410    -2.4270717958e+01 Pr: 90535(3.51554e+06); Du: 0(0.000108945) 607.0s
      98004    -2.4282534137e+01 Pr: 90173(2.05334e+06); Du: 0(0.000112414) 613.3s
      98614    -2.4280441032e+01 Pr: 91013(1.53537e+07); Du: 0(0.000106052) 619.8s
      99204    -2.4281396599e+01 Pr: 90507(6.33309e+06); Du: 0(0.000108093) 625.9s
      99799    -2.4281405957e+01 Pr: 90532(6.30975e+06); Du: 0(9.99479e-05) 632.2s
     100371    -2.4280424248e+01 Pr: 90670(1.09952e+07); Du: 0(0.000106873) 638.3s
     100949    -2.4280045999e+01 Pr: 90690(2.50067e+07); Du: 0(9.68061e-05) 644.5s
     101509    -2.4280398243e+01 Pr: 89934(6.01096e+06); Du: 0(0.000103778) 650.6s
     102111    -2.4280521538e+01 Pr: 89944(5.38235e+06); Du: 0(0.000107573) 657.1s
     102741    -2.4278611729e+01 Pr: 89919(3.90466e+06); Du: 0(0.000105946) 663.6s
     103390    -2.4279329552e+01 Pr: 89516(2.19844e+06); Du: 0(9.95072e-05) 670.5s
     104092    -2.4281544249e+01 Pr: 89907(1.23851e+07); Du: 0(8.90218e-05) 677.8s
     104653    -2.4281083672e+01 Pr: 89690(8.64557e+06); Du: 0(9.36202e-05) 683.9s
     105306    -2.4289073452e+01 Pr: 89413(5.14399e+06); Du: 0(8.45194e-05) 690.8s
     105906    -2.4288857478e+01 Pr: 89680(2.23086e+07); Du: 0(8.75884e-05) 697.2s
     106467    -2.4251891277e+01 Pr: 89149(3.38892e+06); Du: 0(9.36442e-05) 703.3s
     107080    -2.4251888459e+01 Pr: 89027(2.90942e+06); Du: 0(9.98491e-05) 710.1s
     107688    -2.4251697485e+01 Pr: 89218(4.60704e+06); Du: 0(0.000106049) 716.7s
     108285    -2.4251756174e+01 Pr: 89342(1.74051e+07); Du: 0(9.81501e-05) 723.3s
     108812    -2.4251613762e+01 Pr: 88664(2.82088e+06); Du: 0(0.000117246) 729.0s
     109359    -2.4251608553e+01 Pr: 89225(6.39211e+06); Du: 0(0.000110066) 735.0s
     109920    -2.4251579111e+01 Pr: 88829(8.38661e+06); Du: 0(0.000104117) 741.1s
     110514    -2.4246850735e+01 Pr: 89145(6.9203e+06); Du: 0(0.000112757) 747.5s
     111130    -2.4246712129e+01 Pr: 89052(4.65467e+06); Du: 0(0.000110475) 754.3s
     111711    -2.4246641456e+01 Pr: 89538(2.16506e+07); Du: 0(0.000110867) 760.8s
     112371    -2.4247061651e+01 Pr: 88592(4.36602e+06); Du: 0(0.000103387) 767.8s
     113030    -2.4246810983e+01 Pr: 88244(4.13694e+06); Du: 0(9.48374e-05) 774.9s
     113748    -2.4246379049e+01 Pr: 87385(1.09826e+06); Du: 0(8.91008e-05) 782.8s
     114325    -2.4244955668e+01 Pr: 88641(3.73171e+07); Du: 0(8.70567e-05) 789.3s
     115280    -2.4247145176e+01 Pr: 87637(1.50618e+07); Du: 0(8.89222e-05) 794.7s
     115830    -2.4243615485e+01 Pr: 88045(2.16021e+07); Du: 0(8.78577e-05) 800.9s
     116414    -2.4245253186e+01 Pr: 87986(2.25291e+07); Du: 0(8.54306e-05) 807.6s
     117074    -2.4248791088e+01 Pr: 86918(2.69151e+06); Du: 0(9.5325e-05) 815.0s
     117687    -2.4248677395e+01 Pr: 86718(2.27422e+06); Du: 0(0.000115069) 822.1s
     118287    -2.4250370558e+01 Pr: 86614(1.88224e+06); Du: 0(0.000117715) 829.0s
     118927    -2.4251777301e+01 Pr: 86897(3.36454e+06); Du: 0(0.000117889) 836.3s
     119575    -2.4251802668e+01 Pr: 87238(1.35786e+07); Du: 0(0.000104849) 843.7s
     120189    -2.4251746686e+01 Pr: 86892(6.42723e+06); Du: 0(0.000106709) 850.9s
     120770    -2.4252911252e+01 Pr: 86977(4.94427e+06); Du: 0(0.00011213) 857.6s
     121397    -2.4216160139e+01 Pr: 86494(6.86929e+06); Du: 0(0.000104159) 864.8s
     122053    -2.4216034061e+01 Pr: 87648(1.25544e+08); Du: 0(9.78759e-05) 872.2s
     122738    -2.4216164208e+01 Pr: 86364(4.72134e+06); Du: 0(9.30081e-05) 880.0s
     123337    -2.4217067717e+01 Pr: 86224(5.51394e+06); Du: 0(9.26398e-05) 886.8s
     123940    -2.4215969777e+01 Pr: 87483(1.93208e+08); Du: 0(9.23035e-05) 893.7s
     124624    -2.4252816107e+01 Pr: 85926(8.86945e+06); Du: 0(8.86482e-05) 901.3s
     125192    -2.4237867132e+01 Pr: 85580(4.83194e+06); Du: 0(9.84728e-05) 907.8s
     125803    -2.4225586825e+01 Pr: 85716(1.75039e+07); Du: 0(9.31718e-05) 914.9s
     126413    -2.4235777412e+01 Pr: 85052(3.24661e+06); Du: 0(0.000103318) 922.1s
     126974    -2.4235732581e+01 Pr: 85185(2.88946e+06); Du: 0(9.80238e-05) 928.7s
     127542    -2.4235415979e+01 Pr: 85763(1.77364e+07); Du: 0(9.57061e-05) 935.4s
     128220    -2.4235302095e+01 Pr: 85604(6.26552e+06); Du: 0(9.02209e-05) 943.3s
     128873    -2.4234524805e+01 Pr: 85166(3.39523e+06); Du: 0(9.31646e-05) 950.8s
     129479    -2.4232596224e+01 Pr: 85113(2.27572e+06); Du: 0(0.000103762) 957.7s
     130102    -2.4232407570e+01 Pr: 85428(8.8393e+06); Du: 0(9.95538e-05) 965.0s
     130700    -2.4238509823e+01 Pr: 85473(8.87081e+06); Du: 0(9.21516e-05) 972.1s
     131318    -2.4238541597e+01 Pr: 85316(7.32571e+06); Du: 0(0.000101748) 979.3s
     131971    -2.4237623272e+01 Pr: 84763(4.60044e+06); Du: 0(9.46918e-05) 986.9s
     132601    -2.4226640186e+01 Pr: 84609(3.25279e+06); Du: 0(0.000113531) 994.1s
     133222    -2.4231635846e+01 Pr: 84306(3.46695e+06); Du: 0(0.000119791) 1001.5s
     137553    -2.4475869680e+01 Pr: 84475(1.6858e+07); Du: 0(0.000103316) 1052.9s
     141765    -2.4511272303e+01 Pr: 83162(3.17681e+06); Du: 0(9.65436e-05) 1103.7s
     146082    -2.4477592207e+01 Pr: 82588(3.21327e+06); Du: 0(8.69345e-05) 1156.4s
     150418    -2.4474371664e+01 Pr: 82133(5.79958e+06); Du: 0(9.24742e-05) 1210.0s
     154662    -2.4554873791e+01 Pr: 81938(3.10536e+07); Du: 0(8.93533e-05) 1263.2s
     158708    -2.4564305749e+01 Pr: 80859(2.25636e+06); Du: 0(8.96409e-05) 1314.4s
     162880    -2.4558777446e+01 Pr: 80778(1.07346e+07); Du: 0(7.91142e-05) 1365.4s
     166794    -2.4562594656e+01 Pr: 80166(5.72578e+06); Du: 0(8.31822e-05) 1415.4s
     170954    -2.4579757681e+01 Pr: 79651(5.2426e+06); Du: 0(8.56265e-05) 1469.1s
     174920    -2.4569967562e+01 Pr: 79333(9.70302e+06); Du: 0(8.61292e-05) 1520.7s
     178935    -2.4583232234e+01 Pr: 78148(2.69917e+06); Du: 0(8.65306e-05) 1573.2s
     182954    -2.4564211798e+01 Pr: 78045(5.03573e+06); Du: 0(8.55741e-05) 1625.8s
     187251    -2.4544631638e+01 Pr: 78112(1.58406e+07); Du: 0(8.60855e-05) 1680.0s
     190997    -2.4535288876e+01 Pr: 77169(4.99104e+06); Du: 0(9.11305e-05) 1730.1s
     194858    -2.4500827950e+01 Pr: 76872(1.46844e+07); Du: 0(7.78519e-05) 1781.5s
     198789    -2.4497842827e+01 Pr: 76053(4.79274e+06); Du: 0(8.53706e-05) 1834.3s
     202734    -2.4529199572e+01 Pr: 74895(3.55158e+06); Du: 0(9.27813e-05) 1887.7s
     206446    -2.4549788002e+01 Pr: 74458(1.10696e+07); Du: 0(9.14775e-05) 1938.2s
     210325    -2.4491751021e+01 Pr: 74291(5.90802e+06); Du: 0(8.93661e-05) 1991.2s
     214040    -2.4507585549e+01 Pr: 74161(9.439e+06); Du: 0(9.29363e-05) 2041.6s
     217724    -2.4505884284e+01 Pr: 73268(5.45936e+06); Du: 0(8.60307e-05) 2092.2s
     221392    -2.4418522297e+01 Pr: 72544(4.23857e+06); Du: 0(7.99107e-05) 2142.8s
     225190    -2.4484016257e+01 Pr: 71681(2.63643e+06); Du: 0(8.68044e-05) 2195.5s
     228981    -2.4373890491e+01 Pr: 71377(3.60584e+06); Du: 0(8.44986e-05) 2248.0s
     232632    -2.4385107104e+01 Pr: 70950(6.3453e+06); Du: 0(8.79028e-05) 2298.8s
     236325    -2.4407183568e+01 Pr: 70681(2.74094e+06); Du: 0(8.5371e-05) 2350.0s
     240060    -2.4384964117e+01 Pr: 70062(2.39317e+06); Du: 0(8.56616e-05) 2401.9s
     243800    -2.4383668679e+01 Pr: 69898(6.94828e+06); Du: 0(8.57531e-05) 2454.3s
     247331    -2.4406153809e+01 Pr: 69500(3.41402e+06); Du: 0(8.70368e-05) 2504.4s
     250929    -2.4409629198e+01 Pr: 69589(5.011e+06); Du: 0(8.00585e-05) 2555.4s
     254491    -2.4450092863e+01 Pr: 69038(4.66506e+06); Du: 0(8.66047e-05) 2605.8s
     258169    -2.4452857031e+01 Pr: 69086(5.01138e+06); Du: 0(7.98761e-05) 2658.4s
     261866    -2.4444535364e+01 Pr: 68751(3.48653e+06); Du: 0(8.69641e-05) 2710.6s
     265560    -2.4444157202e+01 Pr: 68706(7.53212e+06); Du: 0(8.31438e-05) 2763.3s
     269188    -2.4444116611e+01 Pr: 67660(3.45453e+06); Du: 0(9.4225e-05) 2814.9s
     272926    -2.4460650958e+01 Pr: 67351(2.43617e+06); Du: 0(8.33528e-05) 2868.7s
     276521    -2.4485522094e+01 Pr: 67205(5.09116e+06); Du: 0(7.31364e-05) 2920.0s
     280235    -2.4485814794e+01 Pr: 66574(1.72682e+06); Du: 0(8.13323e-05) 2972.4s
     283925    -2.4491408821e+01 Pr: 66858(2.91719e+06); Du: 0(7.8213e-05) 3025.6s
     287533    -2.4480918516e+01 Pr: 66907(1.14687e+07); Du: 0(7.93088e-05) 3077.7s
     291253    -2.4486593543e+01 Pr: 66712(6.01263e+06); Du: 0(7.20176e-05) 3131.4s
     294940    -2.4462819613e+01 Pr: 65916(4.98513e+06); Du: 0(7.08601e-05) 3184.9s
     298636    -2.4462421724e+01 Pr: 65565(4.3441e+06); Du: 0(7.39296e-05) 3238.7s
     302260    -2.4467097136e+01 Pr: 64066(976918); Du: 0(8.28923e-05) 3290.7s
     306044    -2.4452932243e+01 Pr: 64330(2.85203e+06); Du: 0(7.80155e-05) 3342.8s
     309656    -2.4558346871e+01 Pr: 64955(1.21172e+07); Du: 0(7.32954e-05) 3395.3s
     313420    -2.4552299339e+01 Pr: 63552(432616); Du: 0(6.8764e-05) 3447.7s
     317235    -2.4541786411e+01 Pr: 62409(651458); Du: 0(7.44174e-05) 3500.2s
     320898    -2.4555609099e+01 Pr: 64305(3.10761e+07); Du: 0(7.2971e-05) 3553.5s
     324532    -2.4465615946e+01 Pr: 61895(293344); Du: 0(7.50424e-05) 3606.4s
     328180    -2.4460413974e+01 Pr: 61383(592789); Du: 0(7.65634e-05) 3659.9s
     331762    -2.4478695865e+01 Pr: 61218(541088); Du: 0(7.27832e-05) 3712.3s
     335439    -2.4479452443e+01 Pr: 61494(1.47278e+06); Du: 0(6.53839e-05) 3766.1s
     339048    -2.4480117122e+01 Pr: 61066(2.19711e+06); Du: 0(7.22751e-05) 3818.9s
     342730    -2.4477810453e+01 Pr: 61818(1.63698e+07); Du: 0(7.16155e-05) 3872.8s
     346480    -2.4493149224e+01 Pr: 61399(2.55211e+06); Du: 0(7.0061e-05) 3926.8s
     350037    -2.4480190384e+01 Pr: 59321(279647); Du: 0(7.46197e-05) 3979.0s
     353989    -2.4489110723e+01 Pr: 60004(209312); Du: 0(6.40126e-05) 4033.2s
     357637    -2.4489084859e+01 Pr: 57904(132850); Du: 0(6.94216e-05) 4086.3s
     361454    -2.4538012973e+01 Pr: 58269(300454); Du: 0(7.2732e-05) 4140.6s
     365198    -2.4538349470e+01 Pr: 58669(386072); Du: 0(6.62848e-05) 4194.9s
     369124    -2.4538392923e+01 Pr: 58819(1.15601e+06); Du: 0(6.37705e-05) 4249.4s
     372808    -2.4539283053e+01 Pr: 58103(578644); Du: 0(6.703e-05) 4303.7s
     376465    -2.4538896102e+01 Pr: 57747(552862); Du: 0(6.37002e-05) 4357.3s
     380166    -2.4538314781e+01 Pr: 57262(248280); Du: 0(6.78447e-05) 4411.9s
     384333    -2.4542296596e+01 Pr: 56316(173156); Du: 0(6.39761e-05) 4464.7s
     387981    -2.4554296476e+01 Pr: 57036(3.16982e+06); Du: 0(6.70406e-05) 4518.7s
     391620    -2.4545499838e+01 Pr: 54461(67608.2); Du: 0(6.80455e-05) 4572.4s
     395018    -2.4545415181e+01 Pr: 55272(74676.1); Du: 0(7.02476e-05) 4622.6s
     398690    -2.4510185121e+01 Pr: 55666(415933); Du: 0(6.40756e-05) 4676.8s
     402572    -2.4574307172e+01 Pr: 54063(108842); Du: 0(6.73832e-05) 4731.4s
     406248    -2.4574646141e+01 Pr: 55261(3.90795e+06); Du: 0(6.45713e-05) 4785.4s
     410041    -2.4615513895e+01 Pr: 55295(823585); Du: 0(6.42235e-05) 4835.8s
     413394    -2.4567822710e+01 Pr: 54464(613077); Du: 0(6.03346e-05) 4886.4s
     417079    -2.4575252834e+01 Pr: 52593(71572.5); Du: 0(6.91723e-05) 4940.7s
     420529    -2.4496941459e+01 Pr: 53687(76795.1); Du: 0(6.00369e-05) 4991.1s
     423943    -2.4575813480e+01 Pr: 52122(123631); Du: 0(6.59531e-05) 5041.5s
     427910    -2.4578541722e+01 Pr: 52465(260036); Du: 0(6.4017e-05) 5095.2s
     431630    -2.4569469696e+01 Pr: 51684(198453); Du: 0(6.51402e-05) 5149.5s
     435039    -2.4571511549e+01 Pr: 52053(311834); Du: 0(6.58221e-05) 5199.9s
     438719    -2.4589218193e+01 Pr: 50928(214516); Du: 0(7.0356e-05) 5252.2s
     442294    -2.4589211789e+01 Pr: 51345(230743); Du: 0(6.62325e-05) 5304.6s
     445811    -2.4589142320e+01 Pr: 52021(1.00652e+06); Du: 0(6.50087e-05) 5356.5s
     449568    -2.4590284135e+01 Pr: 49340(35821.4); Du: 0(6.40146e-05) 5411.3s
     453440    -2.4590226058e+01 Pr: 48978(35900.7); Du: 0(6.53698e-05) 5465.6s
     456864    -2.4590241131e+01 Pr: 47814(23189.2); Du: 0(7.44384e-05) 5516.0s
     460504    -2.4590343249e+01 Pr: 49930(382169); Du: 0(6.25269e-05) 5567.1s
     464541    -2.4591583537e+01 Pr: 47270(21879); Du: 0(6.32605e-05) 5617.6s
     469018    -2.4636495970e+01 Pr: 47155(121638); Du: 0(6.74134e-05) 5671.7s
     472517    -2.4637333086e+01 Pr: 46945(137573); Du: 0(6.45787e-05) 5722.6s
     476087    -2.4646880408e+01 Pr: 45146(86793.4); Du: 0(6.34468e-05) 5773.6s
     480015    -2.4644408163e+01 Pr: 44250(11507.2); Du: 0(6.85989e-05) 5828.4s
     483635    -2.4641197196e+01 Pr: 44042(28148.6); Du: 0(6.39622e-05) 5880.0s
     487237    -2.4640888236e+01 Pr: 42762(7254.29); Du: 0(6.65171e-05) 5931.7s
     492993    -2.4646589873e+01 Pr: 41883(15612.7); Du: 0(7.17281e-05) 5984.7s
     499609    -2.4664200045e+01 Pr: 39398(111648); Du: 0(8.24372e-05) 6038.1s
     503230    -2.4664195623e+01 Pr: 38761(37708.4); Du: 0(7.25161e-05) 6089.2s
     506798    -2.4663880851e+01 Pr: 37388(9250.04); Du: 0(7.0791e-05) 6139.9s
     510540    -2.4664795932e+01 Pr: 36980(28399.9); Du: 0(7.40216e-05) 6190.4s
     514141    -2.4664798434e+01 Pr: 35410(4300.55); Du: 0(7.12707e-05) 6240.6s
     518719    -2.4671633815e+01 Pr: 34167(3485.98); Du: 0(7.56261e-05) 6294.3s
     523711    -2.4671563615e+01 Pr: 33138(6342.13); Du: 0(7.61468e-05) 6347.1s
     527672    -2.4671555438e+01 Pr: 32274(1640.05); Du: 0(7.2641e-05) 6398.9s
     533660    -2.4671954096e+01 Pr: 29426(349.574); Du: 0(7.35299e-05) 6452.3s
     538568    -2.4625067204e+01 Pr: 28459(2973.68); Du: 0(7.546e-05) 6504.6s
     576154    -1.0000000000e+00 Pr: 0(0) 6551.5s
Using dual simplex solver
  Iteration        Objective     Infeasibilities num(sum)
     576154    -1.0000000000e+00 Pr: 129(2.44991e-05) 6551.7s
     576308    -1.0000000000e+00 Pr: 0(0) 6551.8s

Performed postsolve
Solving the original LP from the solution after postsolve
Using dual simplex solver
  Iteration        Objective     Infeasibilities num(sum)
     576308     1.0000000000e+00 Pr: 804(0.0007502) 6566.3s
     577132     1.0000000000e+00 Pr: 0(0) 6567.7s
Using dual simplex solver
  Iteration        Objective     Infeasibilities num(sum)
     577132     1.0000000000e+00 Pr: 92(2.72773e-05) 6568.8s
     577259     1.0000000000e+00 Pr: 0(0) 6569.6s
Required 951 simplex iterations after postsolve

Model status        : Optimal
Simplex   iterations: 577259
Objective value     :  1.0000000000e+00
P-D objective error :  0.0000000000e+00
HiGHS run time      :       6569.90
