Running HiGHS 1.14.0 (git hash: 7df0786): Copyright (c) 2026 under MIT licence terms
Rows:      862183 lower bounds    less than or equal to       -1e+20 are treated as -Infinity
Rows:      396389 upper bounds greater than or equal to        1e+20 are treated as +Infinity
LP has 1993029 rows; 874634 cols; 6137523 nonzeros
Coefficient ranges:
  Matrix  [1e-06, 2e+05]
  Cost    [1e+00, 1e+00]
  Bound   [6e-09, 1e+06]
  RHS     [0e+00, 0e+00]
WARNING: Problem has some excessively small column bounds
Presolving model
663043 rows, 375201 cols, 2293980 nonzeros 6s
133083 rows, 313236 cols, 1541669 nonzeros 9s
Dependent equations search running on 117924 equations with time limit of 864.00s
Dependent equations search removed 540 rows and 5122 nonzeros in 0.11s (limit = 864.00s)
118243 rows, 279696 cols, 1391139 nonzeros 15s
Presolve reductions: rows 118243(-1874786); columns 279696(-594938); nonzeros 1391139(-4746384) 
Solving the presolved LP
Using dual simplex solver
  Iteration        Objective     Infeasibilities num(sum)
          0    -1.2142095167e+02 Pr: 82174(1.8536e+09) 15.8s
      14332    -2.6278334435e+01 Pr: 77391(6.61215e+07); Du: 0(8.71041e-05) 21.4s
      17055    -2.6273288288e+01 Pr: 77182(3.71724e+07); Du: 0(9.87696e-05) 26.7s
      19465    -2.6326148622e+01 Pr: 76399(7.19078e+06); Du: 0(9.37228e-05) 32.2s
      21616    -2.6447077059e+01 Pr: 75947(1.70859e+07); Du: 0(9.48475e-05) 38.0s
      23130    -2.6459589451e+01 Pr: 75510(6.47026e+06); Du: 0(0.000105159) 43.5s
      24456    -2.6537983284e+01 Pr: 75603(1.21787e+07); Du: 0(9.62788e-05) 48.6s
      25812    -2.6521620969e+01 Pr: 75314(1.39166e+07); Du: 0(8.34592e-05) 54.2s
      27371    -2.6563860520e+01 Pr: 75009(9.07675e+06); Du: 0(8.70842e-05) 60.5s
      28938    -2.6577139372e+01 Pr: 74894(9.7056e+06); Du: 0(7.74148e-05) 66.5s
      30245    -2.6592052174e+01 Pr: 74924(4.51582e+06); Du: 0(0.000113134) 71.9s
      31557    -2.6590540094e+01 Pr: 74992(1.22511e+07); Du: 0(9.40253e-05) 77.3s
      33046    -2.6637302443e+01 Pr: 74760(5.91812e+07); Du: 0(9.49497e-05) 83.2s
      34321    -2.6638699496e+01 Pr: 75257(3.70496e+07); Du: 0(8.36161e-05) 88.4s
      35786    -2.6594648888e+01 Pr: 74882(1.46303e+07); Du: 0(8.88259e-05) 94.5s
      36940    -2.6657180313e+01 Pr: 74809(2.59505e+07); Du: 0(6.87907e-05) 99.7s
      38088    -2.6653471800e+01 Pr: 74299(1.52862e+07); Du: 0(8.21008e-05) 105.1s
      39312    -2.6697413692e+01 Pr: 74655(8.17216e+07); Du: 0(7.55096e-05) 111.0s
      40419    -2.6787263653e+01 Pr: 74358(5.60688e+07); Du: 0(8.73309e-05) 116.4s
      41636    -2.6760258421e+01 Pr: 75372(2.12008e+09); Du: 0(9.34212e-05) 122.2s
      42749    -2.6744519193e+01 Pr: 75263(3.50868e+09); Du: 0(9.68513e-05) 127.4s
      44028    -2.6754303352e+01 Pr: 75084(2.38554e+09); Du: 0(8.46824e-05) 133.6s
      45288    -2.6748608305e+01 Pr: 74816(2.91044e+09); Du: 0(8.35851e-05) 139.7s
      46331    -2.6148508705e+01 Pr: 74627(1.06024e+09); Du: 0(8.23988e-05) 144.8s
      47691    -2.6270283596e+01 Pr: 72875(1.61281e+07); Du: 0(8.27069e-05) 150.8s
      49006    -2.6338212075e+01 Pr: 73448(2.41368e+08); Du: 0(8.07073e-05) 157.2s
      50093    -2.6392283374e+01 Pr: 72320(3.96275e+06); Du: 0(8.47343e-05) 163.3s
      51117    -2.6417861407e+01 Pr: 72096(8.14895e+06); Du: 0(8.24948e-05) 169.1s
      52227    -2.6396738831e+01 Pr: 72058(4.75997e+06); Du: 0(9.0481e-05) 175.4s
      53495    -2.6426273915e+01 Pr: 71912(1.5126e+07); Du: 0(9.30263e-05) 182.3s
      54402    -2.6494803849e+01 Pr: 71491(8.05751e+06); Du: 0(8.96399e-05) 187.6s
      55677    -2.6460809377e+01 Pr: 71062(8.93109e+06); Du: 0(8.15554e-05) 194.1s
      56755    -2.6408816211e+01 Pr: 71207(2.01695e+07); Du: 0(7.06715e-05) 200.5s
      57775    -2.6371392800e+01 Pr: 71145(2.41479e+07); Du: 0(6.96347e-05) 206.8s
      58867    -2.6370662503e+01 Pr: 71216(2.50006e+07); Du: 0(6.65096e-05) 213.6s
      59716    -2.6397954591e+01 Pr: 70821(2.14547e+07); Du: 0(6.78053e-05) 218.8s
      60793    -2.6343642070e+01 Pr: 70628(2.97781e+07); Du: 0(8.31044e-05) 225.7s
      61706    -2.6391391874e+01 Pr: 70688(2.5052e+07); Du: 0(7.80952e-05) 231.5s
      62513    -2.6448387842e+01 Pr: 70281(1.16723e+07); Du: 0(6.48559e-05) 236.7s
      63510    -2.6450115491e+01 Pr: 70256(7.65352e+07); Du: 0(6.98271e-05) 242.6s
      64300    -2.6488266481e+01 Pr: 69636(1.78793e+07); Du: 0(6.7036e-05) 247.6s
      65357    -2.6526480809e+01 Pr: 69581(1.40231e+07); Du: 0(6.75042e-05) 254.3s
      66211    -2.6500065660e+01 Pr: 69938(3.65507e+07); Du: 0(6.58873e-05) 259.8s
      67164    -2.6508460498e+01 Pr: 69346(2.07638e+07); Du: 0(6.67631e-05) 265.0s
      67942    -2.6506857492e+01 Pr: 69261(1.21844e+07); Du: 0(7.58851e-05) 270.2s
      68871    -2.6516379795e+01 Pr: 68730(1.96052e+07); Du: 0(6.84375e-05) 276.3s
      69676    -2.6503906775e+01 Pr: 69059(2.85918e+07); Du: 0(7.63433e-05) 281.7s
      70559    -2.6474006770e+01 Pr: 68416(7.32792e+06); Du: 0(7.13709e-05) 287.5s
      71503    -2.6531387896e+01 Pr: 68179(3.25161e+06); Du: 0(6.90806e-05) 293.9s
      72454    -2.6533290977e+01 Pr: 68269(1.41364e+07); Du: 0(7.16639e-05) 300.3s
      73394    -2.6542026275e+01 Pr: 68021(8.7931e+06); Du: 0(7.41356e-05) 306.7s
      74303    -2.6578359906e+01 Pr: 68026(9.35437e+06); Du: 0(6.7626e-05) 312.8s
      75176    -2.6534283251e+01 Pr: 68366(3.44136e+07); Du: 0(7.26669e-05) 318.7s
      76005    -2.6560893513e+01 Pr: 67529(7.15612e+06); Du: 0(8.70859e-05) 324.4s
      76890    -2.6547480370e+01 Pr: 67962(2.0095e+07); Du: 0(7.61315e-05) 330.5s
      77731    -2.6556729801e+01 Pr: 67929(2.68727e+07); Du: 0(7.32235e-05) 336.2s
      78709    -2.6555956375e+01 Pr: 67128(9.18386e+06); Du: 0(7.39133e-05) 341.6s
      79617    -2.6555301562e+01 Pr: 67564(1.67007e+07); Du: 0(7.83172e-05) 348.0s
      80569    -2.6569124096e+01 Pr: 66882(4.08583e+06); Du: 0(7.40232e-05) 354.8s
      81423    -2.6526322015e+01 Pr: 66918(7.6158e+06); Du: 0(7.6135e-05) 360.8s
      82255    -2.6546661958e+01 Pr: 66626(8.61334e+06); Du: 0(7.59082e-05) 366.8s
      83234    -2.6517636711e+01 Pr: 67333(1.55669e+07); Du: 0(6.78227e-05) 373.8s
      84214    -2.6519372508e+01 Pr: 67044(1.54745e+07); Du: 0(6.15178e-05) 380.7s
      85013    -2.6527205078e+01 Pr: 66329(2.18125e+06); Du: 0(7.50379e-05) 386.6s
      85850    -2.6516529350e+01 Pr: 66600(5.04808e+06); Du: 0(8.12056e-05) 392.8s
      86775    -2.6486723891e+01 Pr: 66319(5.41631e+06); Du: 0(7.45713e-05) 399.7s
      87642    -2.6470440235e+01 Pr: 66421(1.52168e+07); Du: 0(6.92857e-05) 406.1s
      88510    -2.6469439158e+01 Pr: 66268(4.66442e+06); Du: 0(7.06693e-05) 412.5s
      89364    -2.6505019952e+01 Pr: 66525(5.60036e+06); Du: 0(8.31666e-05) 418.9s
      90305    -2.6544513851e+01 Pr: 66460(4.33871e+07); Du: 0(6.97651e-05) 425.9s
      91256    -2.6534979053e+01 Pr: 65802(4.2422e+06); Du: 0(7.51564e-05) 433.1s
      91943    -2.6535834409e+01 Pr: 66881(7.9038e+07); Du: 0(6.45518e-05) 438.2s
      92821    -2.6536470086e+01 Pr: 66438(1.84829e+07); Du: 0(5.95957e-05) 444.9s
      93638    -2.6518423668e+01 Pr: 65951(4.05242e+06); Du: 0(6.5047e-05) 451.0s
      94497    -2.6505285017e+01 Pr: 66735(2.63957e+07); Du: 0(6.6968e-05) 457.6s
      95364    -2.6474292596e+01 Pr: 65954(7.83028e+06); Du: 0(6.38338e-05) 464.3s
      96255    -2.6478787225e+01 Pr: 65556(5.82024e+06); Du: 0(5.97242e-05) 471.1s
      97081    -2.6535737674e+01 Pr: 65657(6.26293e+06); Du: 0(6.96584e-05) 477.6s
      97884    -2.6533548084e+01 Pr: 65500(8.40645e+06); Du: 0(6.90757e-05) 483.8s
      98776    -2.6549203281e+01 Pr: 65247(5.26902e+06); Du: 0(6.5361e-05) 490.8s
      99604    -2.6626214493e+01 Pr: 65284(1.17608e+07); Du: 0(7.17231e-05) 497.2s
     100450    -2.6593307817e+01 Pr: 64526(2.80558e+06); Du: 0(7.51196e-05) 503.9s
     101316    -2.6598440877e+01 Pr: 65037(4.04332e+06); Du: 0(7.77026e-05) 510.6s
     102201    -2.6609176990e+01 Pr: 65070(4.07496e+06); Du: 0(6.76496e-05) 517.5s
     103101    -2.6615132199e+01 Pr: 65148(7.38485e+06); Du: 0(6.15844e-05) 524.7s
     104020    -2.6622923694e+01 Pr: 63995(1.45928e+06); Du: 0(6.82463e-05) 531.9s
     104950    -2.6638019416e+01 Pr: 64089(2.68986e+06); Du: 0(6.60108e-05) 539.3s
     105859    -2.6640598452e+01 Pr: 64852(1.7407e+07); Du: 0(5.65983e-05) 546.4s
     106490    -2.6641142163e+01 Pr: 64166(3.50883e+06); Du: 0(5.68544e-05) 551.4s
     107312    -2.6641640153e+01 Pr: 64105(1.01083e+07); Du: 0(5.77949e-05) 558.0s
     108165    -2.6641014184e+01 Pr: 63911(1.04816e+06); Du: 0(6.0723e-05) 564.8s
     109066    -2.6666654952e+01 Pr: 64465(7.06029e+06); Du: 0(6.45032e-05) 572.1s
     110047    -2.6661633192e+01 Pr: 64199(4.44757e+06); Du: 0(7.21764e-05) 579.7s
     110679    -2.6641418284e+01 Pr: 64300(8.44656e+06); Du: 0(7.57177e-05) 584.8s
     111341    -2.6641187629e+01 Pr: 64034(4.15865e+06); Du: 0(7.24163e-05) 590.0s
     112166    -2.6614851983e+01 Pr: 63595(3.10203e+06); Du: 0(8.08846e-05) 596.7s
     113060    -2.6614848621e+01 Pr: 63567(9.43449e+06); Du: 0(6.99804e-05) 603.9s
     113995    -2.6615059655e+01 Pr: 64041(1.32366e+07); Du: 0(6.60118e-05) 611.4s
     114706    -2.6589527601e+01 Pr: 63505(4.38478e+06); Du: 0(6.88356e-05) 617.0s
     115696    -2.6590734703e+01 Pr: 63689(7.53972e+06); Du: 0(6.25988e-05) 623.9s
     116639    -2.6588306471e+01 Pr: 63848(1.06727e+07); Du: 0(6.53791e-05) 631.6s
     117484    -2.6588398354e+01 Pr: 63189(3.55965e+06); Du: 0(6.7328e-05) 638.4s
     118339    -2.6580621446e+01 Pr: 63622(7.18731e+06); Du: 0(6.7059e-05) 645.4s
     119285    -2.6603170133e+01 Pr: 62783(1.52526e+06); Du: 0(5.81389e-05) 653.1s
     119930    -2.6603776350e+01 Pr: 62852(1.9396e+06); Du: 0(8.0751e-05) 658.3s
     120547    -2.6603315634e+01 Pr: 62592(2.42333e+06); Du: 0(7.24024e-05) 663.4s
     121412    -2.6603470419e+01 Pr: 62814(2.32908e+06); Du: 0(7.03383e-05) 670.5s
     122024    -2.6600182176e+01 Pr: 62863(2.62784e+06); Du: 0(6.43086e-05) 675.5s
     122893    -2.6608099378e+01 Pr: 62769(2.99763e+06); Du: 0(6.24388e-05) 682.6s
     123503    -2.6606810040e+01 Pr: 62354(1.76705e+06); Du: 0(7.37854e-05) 687.6s
     124130    -2.6607425065e+01 Pr: 63255(1.30367e+07); Du: 0(7.03788e-05) 692.8s
     125025    -2.6607038748e+01 Pr: 63036(9.332e+06); Du: 0(7.25162e-05) 700.2s
     125903    -2.6600143926e+01 Pr: 62660(9.61331e+06); Du: 0(6.60195e-05) 707.4s
     126747    -2.6599623195e+01 Pr: 61950(1.30016e+06); Du: 0(6.62512e-05) 714.4s
     127650    -2.6599017002e+01 Pr: 62095(4.89345e+06); Du: 0(7.07557e-05) 721.8s
     128534    -2.6602292953e+01 Pr: 62186(5.95516e+06); Du: 0(6.91047e-05) 729.1s
     129422    -2.6603494830e+01 Pr: 61888(3.34758e+06); Du: 0(7.11241e-05) 736.4s
     130078    -2.6603371817e+01 Pr: 62081(2.49365e+06); Du: 0(6.91264e-05) 741.8s
     130965    -2.6601600318e+01 Pr: 61866(2.91797e+06); Du: 0(6.56967e-05) 749.2s
     131882    -2.6600219949e+01 Pr: 61784(2.02e+06); Du: 0(6.36247e-05) 756.8s
     132525    -2.6595199831e+01 Pr: 61556(3.0726e+06); Du: 0(7.36174e-05) 762.1s
     133152    -2.6595161239e+01 Pr: 62553(1.71734e+07); Du: 0(7.37883e-05) 767.3s
     133767    -2.6593449876e+01 Pr: 62063(8.1432e+06); Du: 0(7.07084e-05) 772.4s
     134568    -2.6593880359e+01 Pr: 61797(9.80629e+06); Du: 0(6.92987e-05) 777.6s
     135481    -2.6596054935e+01 Pr: 61796(1.99634e+07); Du: 0(6.92227e-05) 785.2s
     136116    -2.6596766284e+01 Pr: 62595(6.46891e+07); Du: 0(6.4669e-05) 790.5s
     136727    -2.6597482474e+01 Pr: 61414(8.09113e+06); Du: 0(7.06886e-05) 795.6s
     137618    -2.6597996232e+01 Pr: 61074(2.68346e+06); Du: 0(7.5744e-05) 803.1s
     138545    -2.6593981827e+01 Pr: 61514(8.64856e+06); Du: 0(7.37878e-05) 810.8s
     139447    -2.6587276745e+01 Pr: 61981(1.09504e+08); Du: 0(6.52211e-05) 818.5s
     140095    -2.6587118969e+01 Pr: 60901(7.44509e+06); Du: 0(7.07206e-05) 824.0s
     140987    -2.6590309137e+01 Pr: 60867(3.55745e+06); Du: 0(6.60738e-05) 831.5s
     141671    -2.6589457182e+01 Pr: 61238(1.35977e+07); Du: 0(6.87787e-05) 837.4s
     142312    -2.6589974962e+01 Pr: 60938(7.02739e+06); Du: 0(6.3459e-05) 842.8s
     142897    -2.6590291139e+01 Pr: 61011(6.22695e+06); Du: 0(7.9032e-05) 847.8s
     143716    -2.6590575527e+01 Pr: 61040(5.64533e+06); Du: 0(7.98212e-05) 854.8s
     144624    -2.6601559110e+01 Pr: 60547(4.45841e+06); Du: 0(7.36852e-05) 862.6s
     145487    -2.6676180779e+01 Pr: 60773(9.00562e+06); Du: 0(7.25129e-05) 869.9s
     146081    -2.6677141295e+01 Pr: 61843(8.85661e+07); Du: 0(6.77303e-05) 875.0s
     146675    -2.6673603998e+01 Pr: 60613(3.21964e+06); Du: 0(6.15866e-05) 880.2s
     147278    -2.6674596589e+01 Pr: 60110(1.25756e+06); Du: 0(6.4002e-05) 885.3s
     148150    -2.6673290142e+01 Pr: 60122(1.35258e+06); Du: 0(7.09975e-05) 892.8s
     148775    -2.6673811123e+01 Pr: 60464(3.49332e+06); Du: 0(6.83505e-05) 898.2s
     149389    -2.6673804791e+01 Pr: 60185(1.25358e+06); Du: 0(6.97222e-05) 903.3s
     150005    -2.6674253780e+01 Pr: 60804(1.05303e+07); Du: 0(6.572e-05) 908.6s
     150680    -2.6675036896e+01 Pr: 60422(3.88146e+06); Du: 0(6.40005e-05) 914.4s
     151276    -2.6675799936e+01 Pr: 62029(1.08759e+08); Du: 0(6.03266e-05) 919.5s
     152113    -2.6635179953e+01 Pr: 60400(4.69835e+06); Du: 0(6.40383e-05) 926.6s
     152699    -2.6640230496e+01 Pr: 60966(1.574e+07); Du: 0(6.54585e-05) 931.6s
     153540    -2.6637548024e+01 Pr: 60060(2.92919e+06); Du: 0(6.15288e-05) 938.9s
     154120    -2.6637081227e+01 Pr: 60329(3.08367e+06); Du: 0(5.91557e-05) 943.9s
     154752    -2.6636956620e+01 Pr: 59760(2.29945e+06); Du: 0(6.08753e-05) 949.3s
     155340    -2.6637620453e+01 Pr: 60159(5.14538e+06); Du: 0(6.47499e-05) 954.3s
     155948    -2.6637655279e+01 Pr: 59745(2.65257e+06); Du: 0(7.31754e-05) 959.5s
     156823    -2.6625613907e+01 Pr: 60234(4.59056e+06); Du: 0(7.92299e-05) 967.0s
     157438    -2.6621060844e+01 Pr: 59643(2.4849e+06); Du: 0(7.33101e-05) 972.2s
     158070    -2.6609228052e+01 Pr: 60647(2.1746e+07); Du: 0(6.48789e-05) 977.6s
     158696    -2.6639295819e+01 Pr: 59573(2.62151e+06); Du: 0(6.48261e-05) 982.9s
     159298    -2.6636588023e+01 Pr: 59574(4.34792e+06); Du: 0(6.61924e-05) 988.1s
     159885    -2.6617251772e+01 Pr: 59542(2.55351e+06); Du: 0(7.62942e-05) 993.2s
     160479    -2.6618948371e+01 Pr: 59431(1.29456e+06); Du: 0(7.25747e-05) 998.3s
     161409    -2.6618339398e+01 Pr: 59701(4.45637e+06); Du: 0(7.18475e-05) 1005.6s
     167414    -2.6641194666e+01 Pr: 59060(2.74845e+06); Du: 0(7.78473e-05) 1057.5s
     173478    -2.6616576024e+01 Pr: 58538(3.49459e+06); Du: 0(7.69343e-05) 1110.1s
     179313    -2.6644941455e+01 Pr: 58747(3.58483e+07); Du: 0(7.03736e-05) 1161.0s
     185197    -2.6688666131e+01 Pr: 57441(9.06831e+06); Du: 0(7.58468e-05) 1212.7s
     190969    -2.6703335417e+01 Pr: 56833(2.57799e+06); Du: 0(7.78899e-05) 1263.4s
     196813    -2.6766013584e+01 Pr: 57070(7.16532e+06); Du: 0(6.53304e-05) 1315.5s
     202585    -2.6667370577e+01 Pr: 55987(5.26712e+06); Du: 0(7.37051e-05) 1367.5s
     208124    -2.6763273313e+01 Pr: 56221(1.09526e+07); Du: 0(7.80969e-05) 1417.6s
     213997    -2.6803420644e+01 Pr: 55688(7.30105e+06); Du: 0(6.9277e-05) 1470.2s
     219696    -2.6827172835e+01 Pr: 54699(1.30657e+06); Du: 0(7.21218e-05) 1521.9s
     225159    -2.6794603400e+01 Pr: 54666(2.30019e+06); Du: 0(6.44821e-05) 1572.0s
     230837    -2.6787749209e+01 Pr: 54298(2.61779e+06); Du: 0(7.27626e-05) 1624.4s
     236246    -2.6767611399e+01 Pr: 53907(1.19633e+06); Du: 0(7.37877e-05) 1674.8s
     241692    -2.6740108551e+01 Pr: 53605(2.3487e+06); Du: 0(7.33947e-05) 1725.4s
     247379    -2.6722273918e+01 Pr: 52496(491779); Du: 0(6.77249e-05) 1776.9s
     253120    -2.6725878249e+01 Pr: 51973(1.00558e+06); Du: 0(6.85182e-05) 1827.7s
     258571    -2.6724376758e+01 Pr: 51382(415634); Du: 0(6.4674e-05) 1879.1s
     264122    -2.6728164698e+01 Pr: 50392(324662); Du: 0(6.82558e-05) 1929.4s
     269536    -2.6745293472e+01 Pr: 51687(1.83722e+07); Du: 0(6.49606e-05) 1980.8s
     274794    -2.6744028911e+01 Pr: 49052(144688); Du: 0(7.37383e-05) 2031.3s
     280243    -2.6755171275e+01 Pr: 49036(180000); Du: 0(6.30177e-05) 2083.5s
     285490    -2.6755498539e+01 Pr: 48702(479134); Du: 0(6.65883e-05) 2134.2s
     291005    -2.6766141101e+01 Pr: 47590(137981); Du: 0(6.6385e-05) 2186.8s
     296480    -2.6765888902e+01 Pr: 46764(88565.7); Du: 0(6.43186e-05) 2239.1s
     301748    -2.6769589755e+01 Pr: 47323(374970); Du: 0(6.40897e-05) 2290.6s
     307058    -2.6771767108e+01 Pr: 46294(519906); Du: 0(6.59527e-05) 2340.9s
     312319    -2.6763655227e+01 Pr: 45120(119677); Du: 0(6.12764e-05) 2391.4s
     317379    -2.6799027261e+01 Pr: 44847(89543.5); Du: 0(6.62035e-05) 2441.7s
     322527    -2.6796528161e+01 Pr: 45132(493323); Du: 0(6.03421e-05) 2492.8s
     328035    -2.6802433799e+01 Pr: 44015(1.1105e+07); Du: 0(6.36458e-05) 2543.9s
     334933    -2.6800292942e+01 Pr: 41482(36809.2); Du: 0(6.21574e-05) 2595.1s
     340134    -2.6804177572e+01 Pr: 40633(20558.4); Du: 0(5.93419e-05) 2646.6s
     345274    -2.6797805508e+01 Pr: 40549(57630.8); Du: 0(5.95195e-05) 2697.4s
     350482    -2.6791311343e+01 Pr: 39038(10311.1); Du: 0(6.07963e-05) 2748.6s
     355757    -2.6797392962e+01 Pr: 38690(22343.8); Du: 0(5.68264e-05) 2800.4s
     361023    -2.6796657700e+01 Pr: 38126(34806.3); Du: 0(5.56952e-05) 2852.2s
     367172    -2.6796915668e+01 Pr: 36813(26975.7); Du: 0(5.86134e-05) 2905.1s
     374274    -2.6855458037e+01 Pr: 35200(15682.5); Du: 0(5.96327e-05) 2956.4s
     381427    -2.6856754317e+01 Pr: 31740(11760.7); Du: 0(6.36552e-05) 3006.9s
     398660    -2.6856665965e+01 Pr: 22583(347.903); Du: 0(7.28626e-05) 3059.3s
     430712    -1.0000000000e+00 Pr: 0(0) 3090.5s
Using dual simplex solver
  Iteration        Objective     Infeasibilities num(sum)
     430712    -1.0000000000e+00 Pr: 95(1.72746e-05) 3090.6s
     430844    -1.0000000000e+00 Pr: 0(0) 3090.7s

Performed postsolve
Solving the original LP from the solution after postsolve
Using dual simplex solver
  Iteration        Objective     Infeasibilities num(sum)
     430844     1.0000000000e+00 Pr: 938(0.000508544) 3097.1s
     431831     1.0000000000e+00 Pr: 0(0) 3098.4s
Using dual simplex solver
  Iteration        Objective     Infeasibilities num(sum)
     431831     1.0000000000e+00 Pr: 102(1.95558e-05) 3099.1s
     431984     1.0000000000e+00 Pr: 0(0) 3099.7s
Required 1140 simplex iterations after postsolve

Model status        : Optimal
Simplex   iterations: 431984
Objective value     :  1.0000000000e+00
P-D objective error :  0.0000000000e+00
HiGHS run time      :       3099.86
