Running HiGHS 1.14.0 (git hash: 7df0786): Copyright (c) 2026 under MIT licence terms
Rows:      995205 lower bounds    less than or equal to       -1e+20 are treated as -Infinity
Rows:      455018 upper bounds greater than or equal to        1e+20 are treated as +Infinity
LP has 2299101 rows; 1007742 cols; 7084548 nonzeros
Coefficient ranges:
  Matrix  [1e-06, 2e+05]
  Cost    [1e+00, 1e+00]
  Bound   [6e-09, 1e+06]
  RHS     [0e+00, 0e+00]
WARNING: Problem has some excessively small column bounds
Presolving model
755057 rows, 426024 cols, 2619914 nonzeros 7s
151632 rows, 354538 cols, 1758174 nonzeros 10s
Dependent equations search running on 134582 equations with time limit of 864.00s
Dependent equations search removed 610 rows and 6004 nonzeros in 0.09s (limit = 864.00s)
134830 rows, 316512 cols, 1588504 nonzeros 17s
Presolve reductions: rows 134830(-2164271); columns 316512(-691230); nonzeros 1588504(-5496044) 
Solving the presolved LP
Using dual simplex solver
  Iteration        Objective     Infeasibilities num(sum)
          0    -1.2278143963e+02 Pr: 93988(1.86599e+09) 18.3s
      15824    -2.5882033374e+01 Pr: 88861(1.55843e+06); Du: 0(0.000101444) 23.8s
      18112    -2.5933547444e+01 Pr: 89112(5.8067e+07); Du: 0(9.18209e-05) 28.9s
      20127    -2.6024247837e+01 Pr: 89312(3.2325e+07); Du: 0(9.04489e-05) 34.6s
      21775    -2.6059963311e+01 Pr: 88018(5.04985e+06); Du: 0(0.000121765) 40.2s
      23423    -2.6076271781e+01 Pr: 87157(1.64899e+07); Du: 0(0.000122278) 45.8s
      25189    -2.6092260049e+01 Pr: 86992(3.12248e+07); Du: 0(9.77088e-05) 51.7s
      26791    -2.6171176537e+01 Pr: 86326(4.6873e+06); Du: 0(0.000109641) 57.2s
      28327    -2.6084999504e+01 Pr: 86206(7.75892e+06); Du: 0(0.000116727) 63.0s
      29823    -2.6207006315e+01 Pr: 86062(5.14737e+06); Du: 0(0.00011304) 68.9s
      31169    -2.6154768139e+01 Pr: 85912(1.03437e+07); Du: 0(0.000118459) 74.4s
      32602    -2.6251428649e+01 Pr: 85701(9.0256e+06); Du: 0(9.89351e-05) 80.6s
      33787    -2.6259278309e+01 Pr: 85722(1.73036e+07); Du: 0(0.00011647) 85.9s
      35094    -2.6233166493e+01 Pr: 85363(5.78528e+06); Du: 0(9.8813e-05) 91.9s
      36225    -2.6234207577e+01 Pr: 85159(9.51119e+06); Du: 0(0.000101417) 97.3s
      37403    -2.6180850632e+01 Pr: 86202(1.14231e+08); Du: 0(0.000109046) 103.0s
      38594    -2.6157462675e+01 Pr: 85309(1.31154e+07); Du: 0(0.000101526) 108.8s
      39711    -2.6191713128e+01 Pr: 85937(6.25044e+07); Du: 0(9.68542e-05) 114.6s
      40815    -2.6200085891e+01 Pr: 85426(2.77887e+07); Du: 0(0.000103404) 120.2s
      41798    -2.6115155167e+01 Pr: 85276(4.30855e+07); Du: 0(0.000101312) 125.4s
      43094    -2.6115079415e+01 Pr: 85002(2.86736e+07); Du: 0(9.48883e-05) 132.2s
      44276    -2.6144011313e+01 Pr: 84695(3.63036e+07); Du: 0(0.000102043) 138.5s
      45245    -2.6161883624e+01 Pr: 84849(3.76497e+07); Du: 0(0.000105933) 143.6s
      46258    -2.6179060309e+01 Pr: 85071(1.00558e+08); Du: 0(0.000121333) 149.2s
      47184    -2.6265897601e+01 Pr: 84910(7.04901e+07); Du: 0(0.00011358) 154.3s
      48371    -2.6266211755e+01 Pr: 84615(1.64387e+07); Du: 0(0.000123628) 160.9s
      49577    -2.6282417307e+01 Pr: 84431(2.72084e+07); Du: 0(0.000113806) 167.5s
      50716    -2.6305722276e+01 Pr: 84372(1.67938e+07); Du: 0(0.000119127) 173.9s
      51633    -2.6305885995e+01 Pr: 85027(2.18627e+08); Du: 0(0.000104456) 179.2s
      52519    -2.6314468890e+01 Pr: 85173(3.9149e+08); Du: 0(9.75593e-05) 184.7s
      53327    -2.6315125495e+01 Pr: 84732(8.91057e+08); Du: 0(9.34128e-05) 189.7s
      54365    -2.6393172160e+01 Pr: 83744(6.87825e+07); Du: 0(8.45163e-05) 196.4s
      55216    -2.6394616167e+01 Pr: 84120(1.18431e+08); Du: 0(8.13831e-05) 202.2s
      56044    -2.6392264964e+01 Pr: 84250(1.22396e+08); Du: 0(8.49994e-05) 207.7s
      56869    -2.6395379601e+01 Pr: 84117(5.4568e+07); Du: 0(8.59695e-05) 213.5s
      57755    -2.6391196727e+01 Pr: 84086(8.12139e+07); Du: 0(8.06937e-05) 219.6s
      58585    -2.6384683640e+01 Pr: 84115(5.1186e+08); Du: 0(7.66647e-05) 225.5s
      59361    -2.6373739752e+01 Pr: 83614(9.15552e+07); Du: 0(6.96298e-05) 230.8s
      60270    -2.6373006771e+01 Pr: 83517(6.88885e+07); Du: 0(8.31729e-05) 237.1s
      61220    -2.6444086471e+01 Pr: 83139(4.36504e+07); Du: 0(8.69052e-05) 243.5s
      62071    -2.6448022187e+01 Pr: 83227(6.81898e+07); Du: 0(8.62764e-05) 249.4s
      63055    -2.6443096569e+01 Pr: 82858(4.15415e+07); Du: 0(9.72312e-05) 256.1s
      64022    -2.6442346603e+01 Pr: 82937(1.23791e+08); Du: 0(8.60899e-05) 262.7s
      64909    -2.6438719660e+01 Pr: 82620(2.87088e+08); Du: 0(8.67451e-05) 268.6s
      65716    -2.6474315993e+01 Pr: 82351(9.38805e+07); Du: 0(8.75315e-05) 274.4s
      66674    -2.6474884192e+01 Pr: 82054(5.87415e+07); Du: 0(7.15467e-05) 281.1s
      67628    -2.6477014754e+01 Pr: 81903(6.92037e+07); Du: 0(7.17021e-05) 287.9s
      68491    -2.6481132969e+01 Pr: 81924(4.51803e+07); Du: 0(8.3599e-05) 294.1s
      69415    -2.6481033836e+01 Pr: 82740(4.04721e+08); Du: 0(7.70265e-05) 300.8s
      70252    -2.6491068587e+01 Pr: 82067(1.01494e+08); Du: 0(7.31606e-05) 306.8s
      71072    -2.6449533010e+01 Pr: 82204(2.19015e+08); Du: 0(8.50854e-05) 312.6s
      71896    -2.6430672486e+01 Pr: 82318(2.63307e+08); Du: 0(7.71521e-05) 318.5s
      72748    -2.6425876018e+01 Pr: 81946(1.04508e+08); Du: 0(8.09223e-05) 324.7s
      73464    -2.6439136711e+01 Pr: 81955(4.03708e+08); Du: 0(8.0244e-05) 330.1s
      74233    -2.6532366615e+01 Pr: 81935(6.74298e+08); Du: 0(7.81112e-05) 336.0s
      74998    -2.6615549461e+01 Pr: 81693(3.30151e+08); Du: 0(7.53674e-05) 341.8s
      75744    -2.6510881644e+01 Pr: 82007(9.22785e+08); Du: 0(7.7564e-05) 347.5s
      76637    -2.6512819398e+01 Pr: 81496(2.74332e+08); Du: 0(6.86825e-05) 354.5s
      77496    -2.6496393548e+01 Pr: 81813(6.0499e+08); Du: 0(7.47824e-05) 361.2s
      78278    -2.6487211084e+01 Pr: 81376(3.23716e+08); Du: 0(7.67869e-05) 367.4s
      79087    -2.6485600343e+01 Pr: 81587(8.37236e+08); Du: 0(7.75865e-05) 373.7s
      79974    -2.6554702862e+01 Pr: 80901(1.93508e+08); Du: 0(7.82766e-05) 380.5s
      80613    -2.6566505420e+01 Pr: 81050(4.17498e+08); Du: 0(8.20068e-05) 385.6s
      81390    -2.6558082176e+01 Pr: 81214(4.29824e+08); Du: 0(8.01054e-05) 391.9s
      82164    -2.6550633775e+01 Pr: 80878(1.91022e+08); Du: 0(8.98857e-05) 398.1s
      82809    -2.6552140561e+01 Pr: 80656(1.98236e+08); Du: 0(9.28369e-05) 403.3s
      83683    -2.6526945439e+01 Pr: 80938(3.36507e+08); Du: 0(0.000107113) 410.1s
      84394    -2.6524419783e+01 Pr: 80844(2.87435e+08); Du: 0(9.12855e-05) 415.5s
      85049    -2.6545301624e+01 Pr: 81248(1.03709e+09); Du: 0(8.49458e-05) 420.9s
      85953    -2.6531823952e+01 Pr: 81250(3.28767e+09); Du: 0(8.24788e-05) 428.3s
      86617    -2.6511098466e+01 Pr: 81255(3.99676e+09); Du: 0(8.60018e-05) 433.8s
      87524    -2.6033065165e+01 Pr: 80311(3.79471e+08); Du: 0(8.50174e-05) 440.8s
      88131    -2.6032797477e+01 Pr: 80439(1.75934e+08); Du: 0(8.27739e-05) 445.9s
      88770    -2.5960013981e+01 Pr: 80339(2.40769e+08); Du: 0(8.5744e-05) 451.3s
      89457    -2.5956180653e+01 Pr: 80080(4.63663e+08); Du: 0(9.5837e-05) 457.1s
      90099    -2.5933629381e+01 Pr: 79825(2.23082e+08); Du: 0(9.93366e-05) 462.2s
      90821    -2.5932685211e+01 Pr: 79074(4.89422e+07); Du: 0(9.57476e-05) 467.3s
      91474    -2.5937192488e+01 Pr: 79161(4.38163e+07); Du: 0(8.77198e-05) 472.7s
      92095    -2.5940703124e+01 Pr: 79358(1.67208e+08); Du: 0(7.8568e-05) 477.8s
      92969    -2.5903973073e+01 Pr: 79298(7.90573e+07); Du: 0(8.37969e-05) 485.2s
      93953    -2.5998492875e+01 Pr: 79206(2.65021e+08); Du: 0(7.53491e-05) 493.5s
      94583    -2.5998130730e+01 Pr: 79181(5.76512e+07); Du: 0(6.89268e-05) 498.7s
      95192    -2.5999453196e+01 Pr: 79001(7.35867e+07); Du: 0(7.8327e-05) 503.9s
      95953    -2.5997971594e+01 Pr: 79551(1.76327e+08); Du: 0(8.34503e-05) 510.2s
      96579    -2.5951526958e+01 Pr: 78985(4.16035e+07); Du: 0(9.58813e-05) 515.5s
      97194    -2.5951363082e+01 Pr: 78764(1.30024e+07); Du: 0(9.70166e-05) 520.8s
      97801    -2.5954087689e+01 Pr: 79188(6.27763e+07); Du: 0(9.94948e-05) 526.0s
      98431    -2.5960306182e+01 Pr: 79416(1.56754e+08); Du: 0(9.61083e-05) 531.5s
      99142    -2.5962596932e+01 Pr: 79118(1.99785e+08); Du: 0(7.9029e-05) 537.3s
      99748    -2.5957798897e+01 Pr: 78902(4.76431e+07); Du: 0(8.27567e-05) 542.6s
     100337    -2.5955933506e+01 Pr: 78450(2.71367e+07); Du: 0(8.07342e-05) 547.7s
     101223    -2.5936571138e+01 Pr: 78863(3.60886e+07); Du: 0(8.44234e-05) 555.3s
     101861    -2.5935150349e+01 Pr: 79140(1.18534e+08); Du: 0(8.68802e-05) 560.9s
     102445    -2.5990426864e+01 Pr: 78934(8.65711e+07); Du: 0(8.38268e-05) 566.0s
     103145    -2.6022420379e+01 Pr: 79050(8.48318e+07); Du: 0(8.31701e-05) 572.0s
     103766    -2.5958016030e+01 Pr: 78822(8.63411e+07); Du: 0(8.84762e-05) 577.5s
     104347    -2.5958329991e+01 Pr: 78827(6.14112e+07); Du: 0(8.5392e-05) 582.5s
     105224    -2.5925574750e+01 Pr: 78868(2.00312e+08); Du: 0(8.91589e-05) 590.0s
     105828    -2.5943697006e+01 Pr: 79077(3.70424e+08); Du: 0(8.12741e-05) 595.1s
     106444    -2.5943420763e+01 Pr: 78720(5.71392e+07); Du: 0(7.59543e-05) 600.5s
     107293    -2.5941097353e+01 Pr: 78278(1.39287e+07); Du: 0(8.66669e-05) 607.8s
     107900    -2.5966760362e+01 Pr: 77756(5.8787e+06); Du: 0(8.81629e-05) 613.1s
     108512    -2.5969214834e+01 Pr: 78853(8.92161e+07); Du: 0(7.98953e-05) 618.4s
     109133    -2.6008676931e+01 Pr: 78215(2.41386e+07); Du: 0(8.52714e-05) 623.9s
     109761    -2.5996950794e+01 Pr: 78150(4.92018e+07); Du: 0(8.61833e-05) 629.2s
     110881    -2.6013529645e+01 Pr: 78117(7.22456e+07); Du: 0(8.30632e-05) 636.5s
     111716    -2.6006364329e+01 Pr: 76827(7.86312e+06); Du: 0(8.38651e-05) 644.0s
     112429    -2.6011336549e+01 Pr: 77578(4.61733e+07); Du: 0(7.9678e-05) 650.1s
     112983    -2.6022485145e+01 Pr: 77560(4.18715e+07); Du: 0(8.2469e-05) 655.1s
     113607    -2.6022240041e+01 Pr: 77325(2.44074e+07); Du: 0(8.01762e-05) 660.7s
     114188    -2.6021773614e+01 Pr: 76887(1.59009e+07); Du: 0(7.61461e-05) 665.8s
     114804    -2.6181165933e+01 Pr: 77453(1.37886e+08); Du: 0(7.10918e-05) 671.4s
     116100    -2.6178433133e+01 Pr: 76110(1.42903e+07); Du: 0(8.02097e-05) 678.1s
     116697    -2.6178164822e+01 Pr: 76037(9.43553e+06); Du: 0(7.15258e-05) 683.5s
     117293    -2.6174691543e+01 Pr: 75990(1.72387e+07); Du: 0(6.78759e-05) 688.8s
     117995    -2.6175727632e+01 Pr: 75655(5.26488e+06); Du: 0(7.17428e-05) 695.1s
     118863    -2.6174168873e+01 Pr: 75760(6.48778e+06); Du: 0(7.12462e-05) 702.8s
     119487    -2.6175424537e+01 Pr: 75438(4.56836e+06); Du: 0(6.72724e-05) 708.4s
     120054    -2.6171525899e+01 Pr: 75980(1.76505e+07); Du: 0(7.33049e-05) 713.7s
     120605    -2.6143348899e+01 Pr: 75435(9.76708e+06); Du: 0(7.72925e-05) 718.8s
     121561    -2.6142096554e+01 Pr: 75207(3.09818e+06); Du: 0(7.46432e-05) 726.1s
     122114    -2.6154030252e+01 Pr: 75300(3.98147e+06); Du: 0(7.28697e-05) 731.4s
     122680    -2.6154566319e+01 Pr: 75332(4.62338e+06); Du: 0(7.55177e-05) 736.7s
     123247    -2.6158704525e+01 Pr: 76221(6.04681e+07); Du: 0(7.56044e-05) 741.8s
     123840    -2.6156234401e+01 Pr: 75316(9.31927e+06); Du: 0(7.42863e-05) 747.3s
     124385    -2.6153375032e+01 Pr: 74651(1.75815e+06); Du: 0(8.22543e-05) 752.4s
     125011    -2.6162748223e+01 Pr: 75508(1.04221e+07); Du: 0(7.06411e-05) 758.3s
     125645    -2.6163943804e+01 Pr: 75276(1.15628e+07); Du: 0(6.73219e-05) 764.3s
     126242    -2.6167960275e+01 Pr: 75036(9.12081e+06); Du: 0(7.5916e-05) 770.0s
     126779    -2.6164724823e+01 Pr: 74934(6.35977e+06); Du: 0(7.01907e-05) 775.1s
     127405    -2.6164970903e+01 Pr: 75834(3.84079e+07); Du: 0(6.97503e-05) 781.0s
     128012    -2.6153545223e+01 Pr: 74984(4.99441e+06); Du: 0(7.02788e-05) 786.8s
     128634    -2.6155380120e+01 Pr: 75093(7.88206e+06); Du: 0(7.65112e-05) 792.5s
     129268    -2.6136358938e+01 Pr: 74950(1.00586e+07); Du: 0(7.60036e-05) 798.5s
     129888    -2.6138208568e+01 Pr: 75666(2.09464e+07); Du: 0(7.406e-05) 804.4s
     130541    -2.6137732502e+01 Pr: 75195(8.99062e+06); Du: 0(7.79331e-05) 809.7s
     131132    -2.6153021855e+01 Pr: 75044(5.77907e+06); Du: 0(7.29179e-05) 815.3s
     131760    -2.6212869192e+01 Pr: 74844(3.00201e+06); Du: 0(7.56405e-05) 821.2s
     132420    -2.6213210689e+01 Pr: 75079(4.91139e+06); Du: 0(6.82157e-05) 827.5s
     133044    -2.6202675554e+01 Pr: 74340(1.45094e+06); Du: 0(7.31184e-05) 832.8s
     133624    -2.6220956471e+01 Pr: 74449(2.086e+06); Du: 0(6.99514e-05) 838.4s
     134211    -2.6200354596e+01 Pr: 74527(6.28452e+06); Du: 0(6.96014e-05) 844.0s
     134840    -2.6225591759e+01 Pr: 74522(1.01689e+07); Du: 0(6.92497e-05) 850.0s
     135484    -2.6226790298e+01 Pr: 74183(2.31703e+06); Du: 0(7.12556e-05) 856.2s
     136140    -2.6176908388e+01 Pr: 74721(1.11927e+07); Du: 0(6.6963e-05) 862.5s
     136771    -2.6160288811e+01 Pr: 74101(4.69728e+06); Du: 0(7.27108e-05) 868.6s
     137383    -2.6160651539e+01 Pr: 74075(3.64952e+06); Du: 0(7.47597e-05) 874.4s
     137949    -2.6171051893e+01 Pr: 73899(6.4103e+06); Du: 0(7.44994e-05) 879.9s
     138517    -2.6216291886e+01 Pr: 74215(8.62254e+06); Du: 0(8.31023e-05) 885.5s
     139067    -2.6217126932e+01 Pr: 73971(2.68727e+06); Du: 0(8.42117e-05) 890.8s
     139681    -2.6224499599e+01 Pr: 73704(2.60017e+06); Du: 0(8.21079e-05) 896.8s
     140268    -2.6229855737e+01 Pr: 74657(6.11511e+07); Du: 0(7.65597e-05) 902.6s
     140912    -2.6209968330e+01 Pr: 73420(1.89702e+06); Du: 0(7.95573e-05) 908.9s
     141512    -2.6209223093e+01 Pr: 73674(5.44953e+06); Du: 0(7.49515e-05) 914.8s
     142080    -2.6245474537e+01 Pr: 73076(1.76538e+06); Du: 0(8.43866e-05) 920.4s
     142701    -2.6251054701e+01 Pr: 73255(2.3113e+06); Du: 0(8.31881e-05) 926.5s
     143294    -2.6238352547e+01 Pr: 73744(2.14097e+07); Du: 0(9.21099e-05) 932.3s
     143918    -2.6243329748e+01 Pr: 73136(2.10871e+06); Du: 0(8.67801e-05) 938.4s
     144579    -2.6200071238e+01 Pr: 73581(1.38635e+07); Du: 0(7.92148e-05) 944.7s
     145152    -2.6199547143e+01 Pr: 72929(2.0378e+06); Du: 0(8.79275e-05) 950.4s
     145695    -2.6199631193e+01 Pr: 73505(1.49854e+07); Du: 0(8.72111e-05) 955.8s
     146360    -2.6199715358e+01 Pr: 73426(5.94265e+06); Du: 0(7.6708e-05) 962.3s
     146956    -2.6199685045e+01 Pr: 72898(4.0245e+06); Du: 0(7.50912e-05) 968.1s
     147623    -2.6198990470e+01 Pr: 73167(1.86958e+07); Du: 0(7.29781e-05) 974.6s
     148249    -2.6250061829e+01 Pr: 72778(3.5819e+06); Du: 0(7.95577e-05) 980.8s
     148848    -2.6244925002e+01 Pr: 72715(1.94188e+06); Du: 0(8.56561e-05) 986.8s
     149466    -2.6244920717e+01 Pr: 72812(2.12566e+06); Du: 0(8.36746e-05) 992.9s
     150067    -2.6242039716e+01 Pr: 73386(1.10609e+07); Du: 0(7.8408e-05) 998.9s
     150659    -2.6229934832e+01 Pr: 72971(3.93824e+06); Du: 0(7.6111e-05) 1004.8s
     155744    -2.6305860736e+01 Pr: 72083(2.60085e+06); Du: 0(7.97358e-05) 1055.1s
     160741    -2.6449413868e+01 Pr: 71323(2.49614e+06); Du: 0(8.34059e-05) 1105.6s
     165650    -2.6422234482e+01 Pr: 71094(5.00627e+06); Du: 0(8.37076e-05) 1156.4s
     170608    -2.6418527221e+01 Pr: 70581(3.53114e+06); Du: 0(9.08479e-05) 1207.4s
     175530    -2.6385688255e+01 Pr: 70357(3.54178e+06); Du: 0(8.58911e-05) 1258.4s
     180732    -2.6402569897e+01 Pr: 69906(4.7226e+06); Du: 0(9.53632e-05) 1311.3s
     185448    -2.6395932372e+01 Pr: 69222(3.00943e+06); Du: 0(9.63729e-05) 1361.4s
     190449    -2.6561743441e+01 Pr: 69768(7.62914e+06); Du: 0(7.65805e-05) 1414.5s
     195327    -2.6514676355e+01 Pr: 69118(6.15246e+06); Du: 0(8.63841e-05) 1466.4s
     200076    -2.6510830502e+01 Pr: 68809(3.17469e+06); Du: 0(8.23927e-05) 1516.9s
     204845    -2.6527996476e+01 Pr: 68402(1.3934e+06); Du: 0(8.15849e-05) 1567.8s
     209566    -2.6531635858e+01 Pr: 67864(2.08103e+06); Du: 0(8.25635e-05) 1618.7s
     214531    -2.6526764851e+01 Pr: 68781(2.98716e+07); Du: 0(7.18389e-05) 1672.4s
     219445    -2.6623948893e+01 Pr: 66865(964459); Du: 0(8.4922e-05) 1725.4s
     224316    -2.6646581973e+01 Pr: 67199(7.73097e+06); Du: 0(8.51477e-05) 1778.5s
     229061    -2.6704998320e+01 Pr: 66174(3.85594e+06); Du: 0(8.48595e-05) 1830.5s
     233803    -2.6733631919e+01 Pr: 65379(2.51086e+06); Du: 0(7.61936e-05) 1883.1s
     238514    -2.6730345041e+01 Pr: 64909(796514); Du: 0(7.65796e-05) 1935.6s
     243107    -2.6711848320e+01 Pr: 65674(2.22869e+07); Du: 0(7.33968e-05) 1985.8s
     247880    -2.6702214495e+01 Pr: 64279(3.37275e+06); Du: 0(7.67605e-05) 2039.4s
     252429    -2.6767943214e+01 Pr: 63658(1.42003e+06); Du: 0(7.54618e-05) 2090.8s
     256986    -2.6866961156e+01 Pr: 64809(5.05919e+07); Du: 0(7.42232e-05) 2142.3s
     261608    -2.6951257828e+01 Pr: 63646(5.68776e+06); Du: 0(8.24615e-05) 2194.2s
     266145    -2.6894506450e+01 Pr: 63853(5.36461e+06); Du: 0(6.56084e-05) 2246.0s
     270760    -2.6900046000e+01 Pr: 63386(5.84931e+06); Du: 0(6.83938e-05) 2298.7s
     275433    -2.6947472925e+01 Pr: 62585(2.24161e+06); Du: 0(7.18445e-05) 2352.3s
     280064    -2.6987277140e+01 Pr: 62617(7.30934e+06); Du: 0(7.77269e-05) 2405.4s
     284664    -2.6910451034e+01 Pr: 63287(3.25312e+07); Du: 0(6.92871e-05) 2458.4s
     289072    -2.6914506688e+01 Pr: 62191(2.21475e+06); Du: 0(7.25328e-05) 2509.0s
     293368    -2.6914841567e+01 Pr: 61857(1.91956e+06); Du: 0(6.94724e-05) 2559.0s
     297902    -2.6919618764e+01 Pr: 61263(2.59441e+06); Du: 0(8.05638e-05) 2612.0s
     302399    -2.6917863207e+01 Pr: 61260(2.74673e+06); Du: 0(6.95981e-05) 2664.4s
     306735    -2.6966877514e+01 Pr: 61182(4.7788e+06); Du: 0(7.95241e-05) 2715.6s
     311047    -2.6977112519e+01 Pr: 60611(9.47965e+06); Du: 0(7.41917e-05) 2766.4s
     315482    -2.7000235003e+01 Pr: 59313(4.24098e+06); Du: 0(7.59138e-05) 2816.7s
     320009    -2.6991305036e+01 Pr: 58196(1.19435e+06); Du: 0(7.42645e-05) 2869.9s
     324368    -2.7069797903e+01 Pr: 56849(351559); Du: 0(7.62982e-05) 2921.5s
     328715    -2.7091616220e+01 Pr: 57003(348404); Du: 0(7.91974e-05) 2972.8s
     333238    -2.7094346702e+01 Pr: 56684(278523); Du: 0(7.08689e-05) 3023.1s
     337746    -2.7096977640e+01 Pr: 55196(118294); Du: 0(7.37884e-05) 3076.0s
     342291    -2.7092953715e+01 Pr: 54985(249702); Du: 0(7.71326e-05) 3128.0s
     346645    -2.7123327454e+01 Pr: 54976(360995); Du: 0(7.01157e-05) 3179.5s
     351491    -2.7091891262e+01 Pr: 53707(222698); Du: 0(7.0638e-05) 3232.4s
     355808    -2.7024289216e+01 Pr: 52604(59657.5); Du: 0(6.71141e-05) 3283.4s
     360363    -2.7027613266e+01 Pr: 52186(93986.6); Du: 0(6.73788e-05) 3333.9s
     364551    -2.7027880227e+01 Pr: 51550(31735.3); Du: 0(6.63163e-05) 3384.4s
     368803    -2.7069744874e+01 Pr: 50300(33293.8); Du: 0(7.27188e-05) 3435.9s
     373300    -2.7102950668e+01 Pr: 49900(30166.4); Du: 0(6.70459e-05) 3487.7s
     377618    -2.7104905506e+01 Pr: 49513(39396.9); Du: 0(7.06693e-05) 3539.3s
     381918    -2.7054359311e+01 Pr: 49563(193979); Du: 0(6.70103e-05) 3591.1s
     386769    -2.7096355561e+01 Pr: 48027(21014); Du: 0(6.49751e-05) 3643.0s
     391241    -2.7097360745e+01 Pr: 47758(111284); Du: 0(6.11638e-05) 3694.1s
     395975    -2.7094772327e+01 Pr: 46195(34195.2); Du: 0(6.40862e-05) 3745.5s
     400979    -2.7094563840e+01 Pr: 45624(42441.4); Du: 0(6.66344e-05) 3797.4s
     411094    -2.7095325342e+01 Pr: 40517(14519.1); Du: 0(7.39277e-05) 3850.9s
     415281    -2.7095435959e+01 Pr: 40809(244203); Du: 0(7.30817e-05) 3901.6s
     419748    -2.7082575991e+01 Pr: 39900(36338.2); Du: 0(6.71043e-05) 3955.1s
     424265    -2.7082724091e+01 Pr: 37959(2079.47); Du: 0(6.7202e-05) 4007.7s
     428791    -2.7082592768e+01 Pr: 37242(3314.11); Du: 0(6.87442e-05) 4060.6s
     435607    -2.7083661801e+01 Pr: 35741(9117.73); Du: 0(7.12009e-05) 4112.6s
     440450    -2.7086739123e+01 Pr: 34262(3018.33); Du: 0(7.07334e-05) 4163.8s
     445546    -2.7091466337e+01 Pr: 32942(1388.53); Du: 0(7.05263e-05) 4215.3s
     453961    -2.7091552765e+01 Pr: 28256(294.331); Du: 0(8.03035e-05) 4265.4s
     493331    -1.0000000000e+00 Pr: 0(0) 4311.1s
Using dual simplex solver
  Iteration        Objective     Infeasibilities num(sum)
     493331    -1.0000000000e+00 Pr: 197(3.5212e-05) 4311.2s
     493597    -1.0000000000e+00 Pr: 0(0) 4311.4s

Performed postsolve
Solving the original LP from the solution after postsolve
Using dual simplex solver
  Iteration        Objective     Infeasibilities num(sum)
     493597    -5.0364958080e+00 Pr: 1327(0.000846419); Du: 0(2.95211e-05) 4988.3s
     494971     1.0000000000e+00 Pr: 0(0) 5033.3s
Using dual simplex solver
  Iteration        Objective     Infeasibilities num(sum)
     494971     1.0000000000e+00 Pr: 125(2.17599e-05) 5034.3s
     495163     1.0000000000e+00 Pr: 0(0) 5041.2s
Required 1566 simplex iterations after postsolve

Model status        : Optimal
Simplex   iterations: 495163
Objective value     :  1.0000000000e+00
P-D objective error :  0.0000000000e+00
HiGHS run time      :       5041.46
